Archive member included to satisfy reference by file (symbol)

C:/ST/STM32CubeIDE_2.1.1/STM32CubeIDE/plugins/com.st.stm32cube.ide.mcu.externaltools.gnu-tools-for-stm32.14.3.rel1.win32_1.0.100.202602081740/tools/bin/../lib/gcc/arm-none-eabi/14.3.1/../../../../arm-none-eabi/lib/thumb/v7-m/nofp\libc_nano.a(libc_a-exit.o)
                              C:/ST/STM32CubeIDE_2.1.1/STM32CubeIDE/plugins/com.st.stm32cube.ide.mcu.externaltools.gnu-tools-for-stm32.14.3.rel1.win32_1.0.100.202602081740/tools/bin/../lib/gcc/arm-none-eabi/14.3.1/../../../../arm-none-eabi/lib/thumb/v7-m/nofp/crt0.o (exit)
C:/ST/STM32CubeIDE_2.1.1/STM32CubeIDE/plugins/com.st.stm32cube.ide.mcu.externaltools.gnu-tools-for-stm32.14.3.rel1.win32_1.0.100.202602081740/tools/bin/../lib/gcc/arm-none-eabi/14.3.1/../../../../arm-none-eabi/lib/thumb/v7-m/nofp\libc_nano.a(libc_a-findfp.o)
                              C:/ST/STM32CubeIDE_2.1.1/STM32CubeIDE/plugins/com.st.stm32cube.ide.mcu.externaltools.gnu-tools-for-stm32.14.3.rel1.win32_1.0.100.202602081740/tools/bin/../lib/gcc/arm-none-eabi/14.3.1/../../../../arm-none-eabi/lib/thumb/v7-m/nofp\libc_nano.a(libc_a-exit.o) (__stdio_exit_handler)
C:/ST/STM32CubeIDE_2.1.1/STM32CubeIDE/plugins/com.st.stm32cube.ide.mcu.externaltools.gnu-tools-for-stm32.14.3.rel1.win32_1.0.100.202602081740/tools/bin/../lib/gcc/arm-none-eabi/14.3.1/../../../../arm-none-eabi/lib/thumb/v7-m/nofp\libc_nano.a(libc_a-fwalk.o)
                              C:/ST/STM32CubeIDE_2.1.1/STM32CubeIDE/plugins/com.st.stm32cube.ide.mcu.externaltools.gnu-tools-for-stm32.14.3.rel1.win32_1.0.100.202602081740/tools/bin/../lib/gcc/arm-none-eabi/14.3.1/../../../../arm-none-eabi/lib/thumb/v7-m/nofp\libc_nano.a(libc_a-findfp.o) (_fwalk_sglue)
C:/ST/STM32CubeIDE_2.1.1/STM32CubeIDE/plugins/com.st.stm32cube.ide.mcu.externaltools.gnu-tools-for-stm32.14.3.rel1.win32_1.0.100.202602081740/tools/bin/../lib/gcc/arm-none-eabi/14.3.1/../../../../arm-none-eabi/lib/thumb/v7-m/nofp\libc_nano.a(libc_a-stdio.o)
                              C:/ST/STM32CubeIDE_2.1.1/STM32CubeIDE/plugins/com.st.stm32cube.ide.mcu.externaltools.gnu-tools-for-stm32.14.3.rel1.win32_1.0.100.202602081740/tools/bin/../lib/gcc/arm-none-eabi/14.3.1/../../../../arm-none-eabi/lib/thumb/v7-m/nofp\libc_nano.a(libc_a-findfp.o) (__sread)
C:/ST/STM32CubeIDE_2.1.1/STM32CubeIDE/plugins/com.st.stm32cube.ide.mcu.externaltools.gnu-tools-for-stm32.14.3.rel1.win32_1.0.100.202602081740/tools/bin/../lib/gcc/arm-none-eabi/14.3.1/../../../../arm-none-eabi/lib/thumb/v7-m/nofp\libc_nano.a(libc_a-memset.o)
                              C:/ST/STM32CubeIDE_2.1.1/STM32CubeIDE/plugins/com.st.stm32cube.ide.mcu.externaltools.gnu-tools-for-stm32.14.3.rel1.win32_1.0.100.202602081740/tools/bin/../lib/gcc/arm-none-eabi/14.3.1/../../../../arm-none-eabi/lib/thumb/v7-m/nofp/crt0.o (memset)
C:/ST/STM32CubeIDE_2.1.1/STM32CubeIDE/plugins/com.st.stm32cube.ide.mcu.externaltools.gnu-tools-for-stm32.14.3.rel1.win32_1.0.100.202602081740/tools/bin/../lib/gcc/arm-none-eabi/14.3.1/../../../../arm-none-eabi/lib/thumb/v7-m/nofp\libc_nano.a(libc_a-closer.o)
                              C:/ST/STM32CubeIDE_2.1.1/STM32CubeIDE/plugins/com.st.stm32cube.ide.mcu.externaltools.gnu-tools-for-stm32.14.3.rel1.win32_1.0.100.202602081740/tools/bin/../lib/gcc/arm-none-eabi/14.3.1/../../../../arm-none-eabi/lib/thumb/v7-m/nofp\libc_nano.a(libc_a-stdio.o) (_close_r)
C:/ST/STM32CubeIDE_2.1.1/STM32CubeIDE/plugins/com.st.stm32cube.ide.mcu.externaltools.gnu-tools-for-stm32.14.3.rel1.win32_1.0.100.202602081740/tools/bin/../lib/gcc/arm-none-eabi/14.3.1/../../../../arm-none-eabi/lib/thumb/v7-m/nofp\libc_nano.a(libc_a-reent.o)
                              C:/ST/STM32CubeIDE_2.1.1/STM32CubeIDE/plugins/com.st.stm32cube.ide.mcu.externaltools.gnu-tools-for-stm32.14.3.rel1.win32_1.0.100.202602081740/tools/bin/../lib/gcc/arm-none-eabi/14.3.1/../../../../arm-none-eabi/lib/thumb/v7-m/nofp\libc_nano.a(libc_a-closer.o) (errno)
C:/ST/STM32CubeIDE_2.1.1/STM32CubeIDE/plugins/com.st.stm32cube.ide.mcu.externaltools.gnu-tools-for-stm32.14.3.rel1.win32_1.0.100.202602081740/tools/bin/../lib/gcc/arm-none-eabi/14.3.1/../../../../arm-none-eabi/lib/thumb/v7-m/nofp\libc_nano.a(libc_a-impure.o)
                              C:/ST/STM32CubeIDE_2.1.1/STM32CubeIDE/plugins/com.st.stm32cube.ide.mcu.externaltools.gnu-tools-for-stm32.14.3.rel1.win32_1.0.100.202602081740/tools/bin/../lib/gcc/arm-none-eabi/14.3.1/../../../../arm-none-eabi/lib/thumb/v7-m/nofp\libc_nano.a(libc_a-reent.o) (_impure_ptr)
C:/ST/STM32CubeIDE_2.1.1/STM32CubeIDE/plugins/com.st.stm32cube.ide.mcu.externaltools.gnu-tools-for-stm32.14.3.rel1.win32_1.0.100.202602081740/tools/bin/../lib/gcc/arm-none-eabi/14.3.1/../../../../arm-none-eabi/lib/thumb/v7-m/nofp\libc_nano.a(libc_a-lseekr.o)
[...]
Memory Configuration

Name             Origin             Length             Attributes
RAM              0x20000000         0x00005000         xrw
FLASH            0x08000000         0x00010000         xr
*default*        0x00000000         0xffffffff

Linker script and memory map

LOAD C:/ST/STM32CubeIDE_2.1.1/STM32CubeIDE/plugins/com.st.stm32cube.ide.mcu.externaltools.gnu-tools-for-stm32.14.3.rel1.win32_1.0.100.202602081740/tools/bin/../lib/gcc/arm-none-eabi/14.3.1/thumb/v7-m/nofp/crti.o
LOAD C:/ST/STM32CubeIDE_2.1.1/STM32CubeIDE/plugins/com.st.stm32cube.ide.mcu.externaltools.gnu-tools-for-stm32.14.3.rel1.win32_1.0.100.202602081740/tools/bin/../lib/gcc/arm-none-eabi/14.3.1/thumb/v7-m/nofp/crtbegin.o
LOAD C:/ST/STM32CubeIDE_2.1.1/STM32CubeIDE/plugins/com.st.stm32cube.ide.mcu.externaltools.gnu-tools-for-stm32.14.3.rel1.win32_1.0.100.202602081740/tools/bin/../lib/gcc/arm-none-eabi/14.3.1/../../../../arm-none-eabi/lib/thumb/v7-m/nofp/crt0.o
LOAD ./Core/Src/hc_sr04.o
LOAD ./Core/Src/main.o
LOAD ./Core/Src/motor_dc.o
LOAD ./Core/Src/pid_dc.o
LOAD ./Core/Src/servo.o
LOAD ./Core/Src/stm32f1xx_hal_msp.o
LOAD ./Core/Src/stm32f1xx_it.o
LOAD ./Core/Src/syscalls.o
LOAD ./Core/Src/sysmem.o
LOAD ./Core/Src/system_stm32f1xx.o
LOAD ./Core/Src/uart_comm.o
LOAD ./Core/Startup/startup_stm32f103c8tx.o
LOAD ./Drivers/STM32F1xx_HAL_Driver/Src/stm32f1xx_hal.o
LOAD ./Drivers/STM32F1xx_HAL_Driver/Src/stm32f1xx_hal_cortex.o
LOAD ./Drivers/STM32F1xx_HAL_Driver/Src/stm32f1xx_hal_dma.o
LOAD ./Drivers/STM32F1xx_HAL_Driver/Src/stm32f1xx_hal_exti.o
LOAD ./Drivers/STM32F1xx_HAL_Driver/Src/stm32f1xx_hal_flash.o
LOAD ./Drivers/STM32F1xx_HAL_Driver/Src/stm32f1xx_hal_flash_ex.o
LOAD ./Drivers/STM32F1xx_HAL_Driver/Src/stm32f1xx_hal_gpio.o
LOAD ./Drivers/STM32F1xx_HAL_Driver/Src/stm32f1xx_hal_gpio_ex.o
LOAD ./Drivers/STM32F1xx_HAL_Driver/Src/stm32f1xx_hal_pwr.o
LOAD ./Drivers/STM32F1xx_HAL_Driver/Src/stm32f1xx_hal_rcc.o
LOAD ./Drivers/STM32F1xx_HAL_Driver/Src/stm32f1xx_hal_rcc_ex.o
LOAD ./Drivers/STM32F1xx_HAL_Driver/Src/stm32f1xx_hal_tim.o
LOAD ./Drivers/STM32F1xx_HAL_Driver/Src/stm32f1xx_hal_tim_ex.o
LOAD ./Drivers/STM32F1xx_HAL_Driver/Src/stm32f1xx_hal_uart.o
START GROUP
LOAD C:/ST/STM32CubeIDE_2.1.1/STM32CubeIDE/plugins/com.st.stm32cube.ide.mcu.externaltools.gnu-tools-for-stm32.14.3.rel1.win32_1.0.100.202602081740/tools/bin/../lib/gcc/arm-none-eabi/14.3.1/../../../../arm-none-eabi/lib/thumb/v7-m/nofp\libc_nano.a
LOAD C:/ST/STM32CubeIDE_2.1.1/STM32CubeIDE/plugins/com.st.stm32cube.ide.mcu.externaltools.gnu-tools-for-stm32.14.3.rel1.win32_1.0.100.202602081740/tools/bin/../lib/gcc/arm-none-eabi/14.3.1/../../../../arm-none-eabi/lib/thumb/v7-m/nofp\libm.a
END GROUP
START GROUP
LOAD C:/ST/STM32CubeIDE_2.1.1/STM32CubeIDE/plugins/com.st.stm32cube.ide.mcu.externaltools.gnu-tools-for-stm32.14.3.rel1.win32_1.0.100.202602081740/tools/bin/../lib/gcc/arm-none-eabi/14.3.1/thumb/v7-m/nofp\libgcc.a
LOAD C:/ST/STM32CubeIDE_2.1.1/STM32CubeIDE/plugins/com.st.stm32cube.ide.mcu.externaltools.gnu-tools-for-stm32.14.3.rel1.win32_1.0.100.202602081740/tools/bin/../lib/gcc/arm-none-eabi/14.3.1/../../../../arm-none-eabi/lib/thumb/v7-m/nofp\libc_nano.a
END GROUP
START GROUP
LOAD C:/ST/STM32CubeIDE_2.1.1/STM32CubeIDE/plugins/com.st.stm32cube.ide.mcu.externaltools.gnu-tools-for-stm32.14.3.rel1.win32_1.0.100.202602081740/tools/bin/../lib/gcc/arm-none-eabi/14.3.1/thumb/v7-m/nofp\libgcc.a
LOAD C:/ST/STM32CubeIDE_2.1.1/STM32CubeIDE/plugins/com.st.stm32cube.ide.mcu.externaltools.gnu-tools-for-stm32.14.3.rel1.win32_1.0.100.202602081740/tools/bin/../lib/gcc/arm-none-eabi/14.3.1/../../../../arm-none-eabi/lib/thumb/v7-m/nofp\libc_nano.a
LOAD C:/ST/STM32CubeIDE_2.1.1/STM32CubeIDE/plugins/com.st.stm32cube.ide.mcu.externaltools.gnu-tools-for-stm32.14.3.rel1.win32_1.0.100.202602081740/tools/bin/../lib/gcc/arm-none-eabi/14.3.1/../../../../arm-none-eabi/lib/thumb/v7-m/nofp\libnosys.a
END GROUP
START GROUP
LOAD C:/ST/STM32CubeIDE_2.1.1/STM32CubeIDE/plugins/com.st.stm32cube.ide.mcu.externaltools.gnu-tools-for-stm32.14.3.rel1.win32_1.0.100.202602081740/tools/bin/../lib/gcc/arm-none-eabi/14.3.1/thumb/v7-m/nofp\libgcc.a
LOAD C:/ST/STM32CubeIDE_2.1.1/STM32CubeIDE/plugins/com.st.stm32cube.ide.mcu.externaltools.gnu-tools-for-stm32.14.3.rel1.win32_1.0.100.202602081740/tools/bin/../lib/gcc/arm-none-eabi/14.3.1/../../../../arm-none-eabi/lib/thumb/v7-m/nofp\libc_nano.a
LOAD C:/ST/STM32CubeIDE_2.1.1/STM32CubeIDE/plugins/com.st.stm32cube.ide.mcu.externaltools.gnu-tools-for-stm32.14.3.rel1.win32_1.0.100.202602081740/tools/bin/../lib/gcc/arm-none-eabi/14.3.1/../../../../arm-none-eabi/lib/thumb/v7-m/nofp\libnosys.a
END GROUP
LOAD C:/ST/STM32CubeIDE_2.1.1/STM32CubeIDE/plugins/com.st.stm32cube.ide.mcu.externaltools.gnu-tools-for-stm32.14.3.rel1.win32_1.0.100.202602081740/tools/bin/../lib/gcc/arm-none-eabi/14.3.1/thumb/v7-m/nofp/crtend.o
LOAD C:/ST/STM32CubeIDE_2.1.1/STM32CubeIDE/plugins/com.st.stm32cube.ide.mcu.externaltools.gnu-tools-for-stm32.14.3.rel1.win32_1.0.100.202602081740/tools/bin/../lib/gcc/arm-none-eabi/14.3.1/thumb/v7-m/nofp/crtn.o
                0x20005000                        _estack = (ORIGIN (RAM) + LENGTH (RAM))
                0x00000200                        _Min_Heap_Size = 0x200
                0x00000400                        _Min_Stack_Size = 0x400

.isr_vector     0x08000000      0x10c
                0x08000000                        . = ALIGN (0x4)
 *(.isr_vector)
 .isr_vector    0x08000000      0x10c ./Core/Startup/startup_stm32f103c8tx.o
                0x08000000                g_pfnVectors
                0x0800010c                        . = ALIGN (0x4)

.text           0x0800010c     0x5124
                0x0800010c                        . = ALIGN (0x4)
 *(.text)
 .text          0x0800010c       0x40 C:/ST/STM32CubeIDE_2.1.1/STM32CubeIDE/plugins/com.st.stm32cube.ide.mcu.externaltools.gnu-tools-for-stm32.14.3.rel1.win32_1.0.100.202602081740/tools/bin/../lib/gcc/arm-none-eabi/14.3.1/thumb/v7-m/nofp/crtbegin.o
 *(.text*)
 .text.HC_SR04_Init
                0x0800014c       0x34 ./Core/Src/hc_sr04.o
                0x0800014c                HC_SR04_Init
 .text.HC_SR04_Trigger_IT
                0x08000180       0x4c ./Core/Src/hc_sr04.o
                0x08000180                HC_SR04_Trigger_IT
 .text.HC_SR04_IC_Callback
                0x080001cc      0x1c8 ./Core/Src/hc_sr04.o
                0x080001cc                HC_SR04_IC_Callback
 .text.HC_SR04_Get_Distance_Left
                0x08000394       0x24 ./Core/Src/hc_sr04.o
                0x08000394                HC_SR04_Get_Distance_Left
 .text.HC_SR04_Get_Distance_Right
                0x080003b8       0x24 ./Core/Src/hc_sr04.o
                0x080003b8                HC_SR04_Get_Distance_Right
 .text.main     0x080003dc      0x188 ./Core/Src/main.o
                0x080003dc                main
 .text.SystemClock_Config
                0x08000564       0x8a ./Core/Src/main.o
                0x08000564                SystemClock_Config
 *fill*         0x080005ee        0x2 
 .text.MX_TIM1_Init
                0x080005f0       0xa0 ./Core/Src/main.o
 .text.MX_TIM2_Init
                0x08000690      0x100 ./Core/Src/main.o
 .text.MX_TIM3_Init
                0x08000790       0xa8 ./Core/Src/main.o
 .text.MX_TIM4_Init
                0x08000838      0x148 ./Core/Src/main.o
 .text.MX_USART1_UART_Init
                0x08000980       0x54 ./Core/Src/main.o
 .text.MX_DMA_Init
                0x080009d4       0x3c ./Core/Src/main.o
 .text.MX_GPIO_Init
                0x08000a10       0xb4 ./Core/Src/main.o
 .text.HAL_TIM_IC_CaptureCallback
                0x08000ac4       0x24 ./Core/Src/main.o
                0x08000ac4                HAL_TIM_IC_CaptureCallback
 .text.HAL_TIM_PeriodElapsedCallback
                0x08000ae8       0x28 ./Core/Src/main.o
                0x08000ae8                HAL_TIM_PeriodElapsedCallback
 .text.Error_Handler
                0x08000b10        0xc ./Core/Src/main.o
                0x08000b10                Error_Handler
 .text.Motor_Init
                0x08000b1c       0x6c ./Core/Src/motor_dc.o
                0x08000b1c                Motor_Init
 .text.Motor_Drive
                0x08000b88       0xd4 ./Core/Src/motor_dc.o
                0x08000b88                Motor_Drive
 .text.Motor_Read_Encoder
                0x08000c5c       0x38 ./Core/Src/motor_dc.o
                0x08000c5c                Motor_Read_Encoder
 .text.PID_DC_Init
                0x08000c94       0x4e ./Core/Src/pid_dc.o
                0x08000c94                PID_DC_Init
 .text.PID_DC_Compute
                0x08000ce2       0xea ./Core/Src/pid_dc.o
                0x08000ce2                PID_DC_Compute
 .text.Dynamics_Compensate_Speed
                0x08000dcc       0x5c ./Core/Src/pid_dc.o
                0x08000dcc                Dynamics_Compensate_Speed
 .text.Servo_Init
                0x08000e28       0x58 ./Core/Src/servo.o
                0x08000e28                Servo_Init
 .text.Servo_Set_Target_Angle
                0x08000e80       0x38 ./Core/Src/servo.o
                0x08000e80                Servo_Set_Target_Angle
 .text.Servo_Update_Slew_Rate
                0x08000eb8       0xf0 ./Core/Src/servo.o
                0x08000eb8                Servo_Update_Slew_Rate
 .text.HAL_MspInit
                0x08000fa8       0x64 ./Core/Src/stm32f1xx_hal_msp.o
                0x08000fa8                HAL_MspInit
 .text.HAL_TIM_Base_MspInit
                0x0800100c       0xec ./Core/Src/stm32f1xx_hal_msp.o
                0x0800100c                HAL_TIM_Base_MspInit
 .text.HAL_TIM_Encoder_MspInit
                0x080010f8       0x7c ./Core/Src/stm32f1xx_hal_msp.o
                0x080010f8                HAL_TIM_Encoder_MspInit
 .text.HAL_TIM_MspPostInit
                0x08001174       0xa4 ./Core/Src/stm32f1xx_hal_msp.o
                0x08001174                HAL_TIM_MspPostInit
 .text.HAL_UART_MspInit
                0x08001218       0xfc ./Core/Src/stm32f1xx_hal_msp.o
                0x08001218                HAL_UART_MspInit
 .text.NMI_Handler
                0x08001314        0x8 ./Core/Src/stm32f1xx_it.o
                0x08001314                NMI_Handler
 .text.HardFault_Handler
                0x0800131c        0x8 ./Core/Src/stm32f1xx_it.o
                0x0800131c                HardFault_Handler
 .text.MemManage_Handler
                0x08001324        0x8 ./Core/Src/stm32f1xx_it.o
                0x08001324                MemManage_Handler
 .text.BusFault_Handler
                0x0800132c        0x8 ./Core/Src/stm32f1xx_it.o
                0x0800132c                BusFault_Handler
 .text.UsageFault_Handler
                0x08001334        0x8 ./Core/Src/stm32f1xx_it.o
                0x08001334                UsageFault_Handler
 .text.SVC_Handler
                0x0800133c        0xc ./Core/Src/stm32f1xx_it.o
                0x0800133c                SVC_Handler
 .text.DebugMon_Handler
                0x08001348        0xc ./Core/Src/stm32f1xx_it.o
                0x08001348                DebugMon_Handler
 .text.PendSV_Handler
                0x08001354        0xc ./Core/Src/stm32f1xx_it.o
                0x08001354                PendSV_Handler
 .text.SysTick_Handler
                0x08001360        0xc ./Core/Src/stm32f1xx_it.o
                0x08001360                SysTick_Handler
 .text.DMA1_Channel5_IRQHandler
                0x0800136c       0x14 ./Core/Src/stm32f1xx_it.o
                0x0800136c                DMA1_Channel5_IRQHandler
 .text.TIM1_UP_IRQHandler
                0x08001380       0x14 ./Core/Src/stm32f1xx_it.o
                0x08001380                TIM1_UP_IRQHandler
 .text.TIM4_IRQHandler
                0x08001394       0x14 ./Core/Src/stm32f1xx_it.o
                0x08001394                TIM4_IRQHandler
 .text.USART1_IRQHandler
                0x080013a8       0x14 ./Core/Src/stm32f1xx_it.o
                0x080013a8                USART1_IRQHandler
 .text.SystemInit
                0x080013bc        0xc ./Core/Src/system_stm32f1xx.o
                0x080013bc                SystemInit
 .text.UART_Comm_Init
                0x080013c8       0x64 ./Core/Src/uart_comm.o
                0x080013c8                UART_Comm_Init
 .text.UART_Comm_Process
                0x0800142c      0x134 ./Core/Src/uart_comm.o
                0x0800142c                UART_Comm_Process
 .text.FSM_Update
                0x08001560       0x98 ./Core/Src/uart_comm.o
                0x08001560                FSM_Update
 .text.FSM_Get_Control_Signals
                0x080015f8       0xd8 ./Core/Src/uart_comm.o
                0x080015f8                FSM_Get_Control_Signals
 .text.UART_Comm_Send
                0x080016d0       0x7c ./Core/Src/uart_comm.o
                0x080016d0                UART_Comm_Send
 .text.Reset_Handler
                0x0800174c       0x48 ./Core/Startup/startup_stm32f103c8tx.o
                0x0800174c                Reset_Handler
 .text.Default_Handler
                0x08001794        0x2 ./Core/Startup/startup_stm32f103c8tx.o
                0x08001794                RTC_Alarm_IRQHandler
                0x08001794                EXTI2_IRQHandler
                0x08001794                TIM1_CC_IRQHandler
                0x08001794                PVD_IRQHandler
                0x08001794                EXTI3_IRQHandler
                0x08001794                EXTI0_IRQHandler
                0x08001794                I2C2_EV_IRQHandler
                0x08001794                ADC1_2_IRQHandler
                0x08001794                SPI1_IRQHandler
                0x08001794                TAMPER_IRQHandler
                0x08001794                DMA1_Channel4_IRQHandler
                0x08001794                USART3_IRQHandler
                0x08001794                RTC_IRQHandler
                0x08001794                DMA1_Channel7_IRQHandler
                0x08001794                CAN1_RX1_IRQHandler
                0x08001794                I2C1_EV_IRQHandler
                0x08001794                DMA1_Channel6_IRQHandler
                0x08001794                TIM3_IRQHandler
                0x08001794                RCC_IRQHandler
                0x08001794                TIM1_TRG_COM_IRQHandler
                0x08001794                DMA1_Channel1_IRQHandler
                0x08001794                Default_Handler
                0x08001794                EXTI15_10_IRQHandler
                0x08001794                EXTI9_5_IRQHandler
                0x08001794                SPI2_IRQHandler
                0x08001794                EXTI4_IRQHandler
                0x08001794                USB_LP_CAN1_RX0_IRQHandler
                0x08001794                USB_HP_CAN1_TX_IRQHandler
                0x08001794                DMA1_Channel3_IRQHandler
                0x08001794                WWDG_IRQHandler
                0x08001794                TIM2_IRQHandler
                0x08001794                TIM1_BRK_IRQHandler
                0x08001794                EXTI1_IRQHandler
                0x08001794                USART2_IRQHandler
                0x08001794                I2C2_ER_IRQHandler
                0x08001794                DMA1_Channel2_IRQHandler
                0x08001794                CAN1_SCE_IRQHandler
                0x08001794                FLASH_IRQHandler
                0x08001794                I2C1_ER_IRQHandler
                0x08001794                USBWakeUp_IRQHandler
 *fill*         0x08001796        0x2 
 .text.HAL_Init
                0x08001798       0x2c ./Drivers/STM32F1xx_HAL_Driver/Src/stm32f1xx_hal.o
                0x08001798                HAL_Init
 .text.HAL_InitTick
                0x080017c4       0x60 ./Drivers/STM32F1xx_HAL_Driver/Src/stm32f1xx_hal.o
                0x080017c4                HAL_InitTick
 .text.HAL_IncTick
                0x08001824       0x24 ./Drivers/STM32F1xx_HAL_Driver/Src/stm32f1xx_hal.o
                0x08001824                HAL_IncTick
 .text.HAL_GetTick
                0x08001848       0x14 ./Drivers/STM32F1xx_HAL_Driver/Src/stm32f1xx_hal.o
                0x08001848                HAL_GetTick
 .text.__NVIC_SetPriorityGrouping
                0x0800185c       0x48 ./Drivers/STM32F1xx_HAL_Driver/Src/stm32f1xx_hal_cortex.o
 .text.__NVIC_GetPriorityGrouping
                0x080018a4       0x1c ./Drivers/STM32F1xx_HAL_Driver/Src/stm32f1xx_hal_cortex.o
 .text.__NVIC_EnableIRQ
                0x080018c0       0x38 ./Drivers/STM32F1xx_HAL_Driver/Src/stm32f1xx_hal_cortex.o
 .text.__NVIC_SetPriority
                0x080018f8       0x54 ./Drivers/STM32F1xx_HAL_Driver/Src/stm32f1xx_hal_cortex.o
 .text.NVIC_EncodePriority
                0x0800194c       0x64 ./Drivers/STM32F1xx_HAL_Driver/Src/stm32f1xx_hal_cortex.o
 .text.SysTick_Config
                0x080019b0       0x44 ./Drivers/STM32F1xx_HAL_Driver/Src/stm32f1xx_hal_cortex.o
 .text.HAL_NVIC_SetPriorityGrouping
                0x080019f4       0x16 ./Drivers/STM32F1xx_HAL_Driver/Src/stm32f1xx_hal_cortex.o
                0x080019f4                HAL_NVIC_SetPriorityGrouping
 .text.HAL_NVIC_SetPriority
                0x08001a0a       0x38 ./Drivers/STM32F1xx_HAL_Driver/Src/stm32f1xx_hal_cortex.o
                0x08001a0a                HAL_NVIC_SetPriority
 .text.HAL_NVIC_EnableIRQ
                0x08001a42       0x1c ./Drivers/STM32F1xx_HAL_Driver/Src/stm32f1xx_hal_cortex.o
                0x08001a42                HAL_NVIC_EnableIRQ
 .text.HAL_SYSTICK_Config
                0x08001a5e       0x18 ./Drivers/STM32F1xx_HAL_Driver/Src/stm32f1xx_hal_cortex.o
                0x08001a5e                HAL_SYSTICK_Config
 *fill*         0x08001a76        0x2 
 .text.HAL_DMA_Init
                0x08001a78       0xb4 ./Drivers/STM32F1xx_HAL_Driver/Src/stm32f1xx_hal_dma.o
                0x08001a78                HAL_DMA_Init
 .text.HAL_DMA_Start_IT
                0x08001b2c       0xc0 ./Drivers/STM32F1xx_HAL_Driver/Src/stm32f1xx_hal_dma.o
                0x08001b2c                HAL_DMA_Start_IT
 .text.HAL_DMA_Abort
                0x08001bec       0x76 ./Drivers/STM32F1xx_HAL_Driver/Src/stm32f1xx_hal_dma.o
                0x08001bec                HAL_DMA_Abort
 *fill*         0x08001c62        0x2 
 .text.HAL_DMA_Abort_IT
                0x08001c64       0xf0 ./Drivers/STM32F1xx_HAL_Driver/Src/stm32f1xx_hal_dma.o
                0x08001c64                HAL_DMA_Abort_IT
 .text.HAL_DMA_IRQHandler
                0x08001d54      0x20c ./Drivers/STM32F1xx_HAL_Driver/Src/stm32f1xx_hal_dma.o
                0x08001d54                HAL_DMA_IRQHandler
 .text.DMA_SetConfig
                0x08001f60       0x5a ./Drivers/STM32F1xx_HAL_Driver/Src/stm32f1xx_hal_dma.o
 *fill*         0x08001fba        0x2 
 .text.HAL_GPIO_Init
                0x08001fbc      0x308 ./Drivers/STM32F1xx_HAL_Driver/Src/stm32f1xx_hal_gpio.o
                0x08001fbc                HAL_GPIO_Init
 .text.HAL_GPIO_WritePin
                0x080022c4       0x30 ./Drivers/STM32F1xx_HAL_Driver/Src/stm32f1xx_hal_gpio.o
                0x080022c4                HAL_GPIO_WritePin
 .text.HAL_RCC_OscConfig
                0x080022f4      0x504 ./Drivers/STM32F1xx_HAL_Driver/Src/stm32f1xx_hal_rcc.o
                0x080022f4                HAL_RCC_OscConfig
 .text.HAL_RCC_ClockConfig
                0x080027f8      0x1d4 ./Drivers/STM32F1xx_HAL_Driver/Src/stm32f1xx_hal_rcc.o
                0x080027f8                HAL_RCC_ClockConfig
 .text.HAL_RCC_GetSysClockFreq
                0x080029cc       0xa8 ./Drivers/STM32F1xx_HAL_Driver/Src/stm32f1xx_hal_rcc.o
                0x080029cc                HAL_RCC_GetSysClockFreq
 .text.HAL_RCC_GetHCLKFreq
                0x08002a74       0x14 ./Drivers/STM32F1xx_HAL_Driver/Src/stm32f1xx_hal_rcc.o
                0x08002a74                HAL_RCC_GetHCLKFreq
 .text.HAL_RCC_GetPCLK1Freq
                0x08002a88       0x28 ./Drivers/STM32F1xx_HAL_Driver/Src/stm32f1xx_hal_rcc.o
                0x08002a88                HAL_RCC_GetPCLK1Freq
 .text.HAL_RCC_GetPCLK2Freq
                0x08002ab0       0x28 ./Drivers/STM32F1xx_HAL_Driver/Src/stm32f1xx_hal_rcc.o
                0x08002ab0                HAL_RCC_GetPCLK2Freq
 .text.RCC_Delay
                0x08002ad8       0x3c ./Drivers/STM32F1xx_HAL_Driver/Src/stm32f1xx_hal_rcc.o
 .text.HAL_TIM_Base_Init
                0x08002b14       0x9e ./Drivers/STM32F1xx_HAL_Driver/Src/stm32f1xx_hal_tim.o
                0x08002b14                HAL_TIM_Base_Init
 *fill*         0x08002bb2        0x2 
 .text.HAL_TIM_Base_Start_IT
                0x08002bb4       0xa4 ./Drivers/STM32F1xx_HAL_Driver/Src/stm32f1xx_hal_tim.o
                0x08002bb4                HAL_TIM_Base_Start_IT
 .text.HAL_TIM_Base_Stop_IT
                0x08002c58       0x5c ./Drivers/STM32F1xx_HAL_Driver/Src/stm32f1xx_hal_tim.o
                0x08002c58                HAL_TIM_Base_Stop_IT
 .text.HAL_TIM_PWM_Init
                0x08002cb4       0x9e ./Drivers/STM32F1xx_HAL_Driver/Src/stm32f1xx_hal_tim.o
                0x08002cb4                HAL_TIM_PWM_Init
 .text.HAL_TIM_PWM_MspInit
                0x08002d52       0x12 ./Drivers/STM32F1xx_HAL_Driver/Src/stm32f1xx_hal_tim.o
                0x08002d52                HAL_TIM_PWM_MspInit
 .text.HAL_TIM_PWM_Start
                0x08002d64      0x144 ./Drivers/STM32F1xx_HAL_Driver/Src/stm32f1xx_hal_tim.o
                0x08002d64                HAL_TIM_PWM_Start
 .text.HAL_TIM_IC_Init
                0x08002ea8       0x9e ./Drivers/STM32F1xx_HAL_Driver/Src/stm32f1xx_hal_tim.o
                0x08002ea8                HAL_TIM_IC_Init
 .text.HAL_TIM_IC_MspInit
                0x08002f46       0x12 ./Drivers/STM32F1xx_HAL_Driver/Src/stm32f1xx_hal_tim.o
                0x08002f46                HAL_TIM_IC_MspInit
 .text.HAL_TIM_IC_Start_IT
                0x08002f58      0x218 ./Drivers/STM32F1xx_HAL_Driver/Src/stm32f1xx_hal_tim.o
                0x08002f58                HAL_TIM_IC_Start_IT
 .text.HAL_TIM_Encoder_Init
                0x08003170      0x144 ./Drivers/STM32F1xx_HAL_Driver/Src/stm32f1xx_hal_tim.o
                0x08003170                HAL_TIM_Encoder_Init
 .text.HAL_TIM_Encoder_Start
                0x080032b4      0x11c ./Drivers/STM32F1xx_HAL_Driver/Src/stm32f1xx_hal_tim.o
                0x080032b4                HAL_TIM_Encoder_Start
 .text.HAL_TIM_IRQHandler
                0x080033d0      0x1e0 ./Drivers/STM32F1xx_HAL_Driver/Src/stm32f1xx_hal_tim.o
                0x080033d0                HAL_TIM_IRQHandler
 .text.HAL_TIM_IC_ConfigChannel
                0x080035b0      0x138 ./Drivers/STM32F1xx_HAL_Driver/Src/stm32f1xx_hal_tim.o
                0x080035b0                HAL_TIM_IC_ConfigChannel
 .text.HAL_TIM_PWM_ConfigChannel
                0x080036e8      0x184 ./Drivers/STM32F1xx_HAL_Driver/Src/stm32f1xx_hal_tim.o
                0x080036e8                HAL_TIM_PWM_ConfigChannel
 .text.HAL_TIM_ConfigClockSource
                0x0800386c      0x18e ./Drivers/STM32F1xx_HAL_Driver/Src/stm32f1xx_hal_tim.o
                0x0800386c                HAL_TIM_ConfigClockSource
 *fill*         0x080039fa        0x2 
 .text.HAL_TIM_ReadCapturedValue
                0x080039fc       0x88 ./Drivers/STM32F1xx_HAL_Driver/Src/stm32f1xx_hal_tim.o
                0x080039fc                HAL_TIM_ReadCapturedValue
 .text.HAL_TIM_OC_DelayElapsedCallback
                0x08003a84       0x12 ./Drivers/STM32F1xx_HAL_Driver/Src/stm32f1xx_hal_tim.o
                0x08003a84                HAL_TIM_OC_DelayElapsedCallback
 .text.HAL_TIM_PWM_PulseFinishedCallback
                0x08003a96       0x12 ./Drivers/STM32F1xx_HAL_Driver/Src/stm32f1xx_hal_tim.o
                0x08003a96                HAL_TIM_PWM_PulseFinishedCallback
 .text.HAL_TIM_TriggerCallback
                0x08003aa8       0x12 ./Drivers/STM32F1xx_HAL_Driver/Src/stm32f1xx_hal_tim.o
                0x08003aa8                HAL_TIM_TriggerCallback
 *fill*         0x08003aba        0x2 
 .text.TIM_Base_SetConfig
                0x08003abc       0xdc ./Drivers/STM32F1xx_HAL_Driver/Src/stm32f1xx_hal_tim.o
                0x08003abc                TIM_Base_SetConfig
 .text.TIM_OC1_SetConfig
                0x08003b98       0xcc ./Drivers/STM32F1xx_HAL_Driver/Src/stm32f1xx_hal_tim.o
 .text.TIM_OC2_SetConfig
                0x08003c64       0xd4 ./Drivers/STM32F1xx_HAL_Driver/Src/stm32f1xx_hal_tim.o
                0x08003c64                TIM_OC2_SetConfig
 .text.TIM_OC3_SetConfig
                0x08003d38       0xd4 ./Drivers/STM32F1xx_HAL_Driver/Src/stm32f1xx_hal_tim.o
 .text.TIM_OC4_SetConfig
                0x08003e0c       0x9c ./Drivers/STM32F1xx_HAL_Driver/Src/stm32f1xx_hal_tim.o
 .text.TIM_TI1_SetConfig
                0x08003ea8       0xb4 ./Drivers/STM32F1xx_HAL_Driver/Src/stm32f1xx_hal_tim.o
                0x08003ea8                TIM_TI1_SetConfig
 .text.TIM_TI1_ConfigInputStage
                0x08003f5c       0x5c ./Drivers/STM32F1xx_HAL_Driver/Src/stm32f1xx_hal_tim.o
 .text.TIM_TI2_SetConfig
                0x08003fb8       0x78 ./Drivers/STM32F1xx_HAL_Driver/Src/stm32f1xx_hal_tim.o
 .text.TIM_TI2_ConfigInputStage
                0x08004030       0x5e ./Drivers/STM32F1xx_HAL_Driver/Src/stm32f1xx_hal_tim.o
 .text.TIM_TI3_SetConfig
                0x0800408e       0x76 ./Drivers/STM32F1xx_HAL_Driver/Src/stm32f1xx_hal_tim.o
 .text.TIM_TI4_SetConfig
                0x08004104       0x78 ./Drivers/STM32F1xx_HAL_Driver/Src/stm32f1xx_hal_tim.o
 .text.TIM_ITRx_SetConfig
                0x0800417c       0x34 ./Drivers/STM32F1xx_HAL_Driver/Src/stm32f1xx_hal_tim.o
 .text.TIM_ETR_SetConfig
                0x080041b0       0x3e ./Drivers/STM32F1xx_HAL_Driver/Src/stm32f1xx_hal_tim.o
                0x080041b0                TIM_ETR_SetConfig
 .text.TIM_CCxChannelCmd
                0x080041ee       0x48 ./Drivers/STM32F1xx_HAL_Driver/Src/stm32f1xx_hal_tim.o
                0x080041ee                TIM_CCxChannelCmd
 *fill*         0x08004236        0x2 
 .text.HAL_TIMEx_MasterConfigSynchronization
                0x08004238       0xbc ./Drivers/STM32F1xx_HAL_Driver/Src/stm32f1xx_hal_tim_ex.o
                0x08004238                HAL_TIMEx_MasterConfigSynchronization
 .text.HAL_TIMEx_CommutCallback
                0x080042f4       0x12 ./Drivers/STM32F1xx_HAL_Driver/Src/stm32f1xx_hal_tim_ex.o
                0x080042f4                HAL_TIMEx_CommutCallback
 .text.HAL_TIMEx_BreakCallback
                0x08004306       0x12 ./Drivers/STM32F1xx_HAL_Driver/Src/stm32f1xx_hal_tim_ex.o
                0x08004306                HAL_TIMEx_BreakCallback
 .text.HAL_UART_Init
                0x08004318       0xa0 ./Drivers/STM32F1xx_HAL_Driver/Src/stm32f1xx_hal_uart.o
                0x08004318                HAL_UART_Init
 .text.HAL_UART_Transmit_IT
                0x080043b8       0x6a ./Drivers/STM32F1xx_HAL_Driver/Src/stm32f1xx_hal_uart.o
                0x080043b8                HAL_UART_Transmit_IT
 .text.HAL_UART_Receive_DMA
                0x08004422       0x4a ./Drivers/STM32F1xx_HAL_Driver/Src/stm32f1xx_hal_uart.o
                0x08004422                HAL_UART_Receive_DMA
 .text.HAL_UART_IRQHandler
                0x0800446c      0x524 ./Drivers/STM32F1xx_HAL_Driver/Src/stm32f1xx_hal_uart.o
                0x0800446c                HAL_UART_IRQHandler
 .text.HAL_UART_TxCpltCallback
                0x08004990       0x12 ./Drivers/STM32F1xx_HAL_Driver/Src/stm32f1xx_hal_uart.o
                0x08004990                HAL_UART_TxCpltCallback
 .text.HAL_UART_RxCpltCallback
                0x080049a2       0x12 ./Drivers/STM32F1xx_HAL_Driver/Src/stm32f1xx_hal_uart.o
                0x080049a2                HAL_UART_RxCpltCallback
 .text.HAL_UART_RxHalfCpltCallback
                0x080049b4       0x12 ./Drivers/STM32F1xx_HAL_Driver/Src/stm32f1xx_hal_uart.o
                0x080049b4                HAL_UART_RxHalfCpltCallback
 .text.HAL_UART_ErrorCallback
                0x080049c6       0x12 ./Drivers/STM32F1xx_HAL_Driver/Src/stm32f1xx_hal_uart.o
                0x080049c6                HAL_UART_ErrorCallback
 .text.HAL_UARTEx_RxEventCallback
                0x080049d8       0x16 ./Drivers/STM32F1xx_HAL_Driver/Src/stm32f1xx_hal_uart.o
                0x080049d8                HAL_UARTEx_RxEventCallback
 .text.UART_DMAReceiveCplt
                0x080049ee      0x12c ./Drivers/STM32F1xx_HAL_Driver/Src/stm32f1xx_hal_uart.o
 .text.UART_DMARxHalfCplt
                0x08004b1a       0x3c ./Drivers/STM32F1xx_HAL_Driver/Src/stm32f1xx_hal_uart.o
 .text.UART_DMAError
                0x08004b56       0x94 ./Drivers/STM32F1xx_HAL_Driver/Src/stm32f1xx_hal_uart.o
 *fill*         0x08004bea        0x2 
 .text.UART_Start_Receive_DMA
                0x08004bec      0x134 ./Drivers/STM32F1xx_HAL_Driver/Src/stm32f1xx_hal_uart.o
                0x08004bec                UART_Start_Receive_DMA
 .text.UART_EndTxTransfer
                0x08004d20       0x4e ./Drivers/STM32F1xx_HAL_Driver/Src/stm32f1xx_hal_uart.o
 .text.UART_EndRxTransfer
                0x08004d6e       0xc4 ./Drivers/STM32F1xx_HAL_Driver/Src/stm32f1xx_hal_uart.o
 .text.UART_DMAAbortOnError
                0x08004e32       0x28 ./Drivers/STM32F1xx_HAL_Driver/Src/stm32f1xx_hal_uart.o
 .text.UART_Transmit_IT
                0x08004e5a       0x9e ./Drivers/STM32F1xx_HAL_Driver/Src/stm32f1xx_hal_uart.o
 .text.UART_EndTransmit_IT
                0x08004ef8       0x30 ./Drivers/STM32F1xx_HAL_Driver/Src/stm32f1xx_hal_uart.o
 .text.UART_Receive_IT
                0x08004f28      0x17c ./Drivers/STM32F1xx_HAL_Driver/Src/stm32f1xx_hal_uart.o
 .text.UART_SetConfig
                0x080050a4      0x11c ./Drivers/STM32F1xx_HAL_Driver/Src/stm32f1xx_hal_uart.o
 .text.memset   0x080051c0       0x10 C:/ST/STM32CubeIDE_2.1.1/STM32CubeIDE/plugins/com.st.stm32cube.ide.mcu.externaltools.gnu-tools-for-stm32.14.3.rel1.win32_1.0.100.202602081740/tools/bin/../lib/gcc/arm-none-eabi/14.3.1/../../../../arm-none-eabi/lib/thumb/v7-m/nofp\libc_nano.a(libc_a-memset.o)
                0x080051c0                memset
 .text.__libc_init_array
                0x080051d0       0x48 C:/ST/STM32CubeIDE_2.1.1/STM32CubeIDE/plugins/com.st.stm32cube.ide.mcu.externaltools.gnu-tools-for-stm32.14.3.rel1.win32_1.0.100.202602081740/tools/bin/../lib/gcc/arm-none-eabi/14.3.1/../../../../arm-none-eabi/lib/thumb/v7-m/nofp\libc_nano.a(libc_a-init.o)
                0x080051d0                __libc_init_array
 *(.glue_7)
 .glue_7        0x08005218        0x0 linker stubs
 *(.glue_7t)
 .glue_7t       0x08005218        0x0 linker stubs
 *(.eh_frame)
 .eh_frame      0x08005218        0x0 C:/ST/STM32CubeIDE_2.1.1/STM32CubeIDE/plugins/com.st.stm32cube.ide.mcu.externaltools.gnu-tools-for-stm32.14.3.rel1.win32_1.0.100.202602081740/tools/bin/../lib/gcc/arm-none-eabi/14.3.1/thumb/v7-m/nofp/crtbegin.o
 *(.init)
 .init          0x08005218        0x4 C:/ST/STM32CubeIDE_2.1.1/STM32CubeIDE/plugins/com.st.stm32cube.ide.mcu.externaltools.gnu-tools-for-stm32.14.3.rel1.win32_1.0.100.202602081740/tools/bin/../lib/gcc/arm-none-eabi/14.3.1/thumb/v7-m/nofp/crti.o
                0x08005218                _init
 .init          0x0800521c        0x8 C:/ST/STM32CubeIDE_2.1.1/STM32CubeIDE/plugins/com.st.stm32cube.ide.mcu.externaltools.gnu-tools-for-stm32.14.3.rel1.win32_1.0.100.202602081740/tools/bin/../lib/gcc/arm-none-eabi/14.3.1/thumb/v7-m/nofp/crtn.o
 *(.fini)
 .fini          0x08005224        0x4 C:/ST/STM32CubeIDE_2.1.1/STM32CubeIDE/plugins/com.st.stm32cube.ide.mcu.externaltools.gnu-tools-for-stm32.14.3.rel1.win32_1.0.100.202602081740/tools/bin/../lib/gcc/arm-none-eabi/14.3.1/thumb/v7-m/nofp/crti.o
                0x08005224                _fini
 .fini          0x08005228        0x8 C:/ST/STM32CubeIDE_2.1.1/STM32CubeIDE/plugins/com.st.stm32cube.ide.mcu.externaltools.gnu-tools-for-stm32.14.3.rel1.win32_1.0.100.202602081740/tools/bin/../lib/gcc/arm-none-eabi/14.3.1/thumb/v7-m/nofp/crtn.o
                0x08005230                        . = ALIGN (0x4)
                0x08005230                        _etext = .

.vfp11_veneer   0x08005230        0x0
 .vfp11_veneer  0x08005230        0x0 linker stubs

.v4_bx          0x08005230        0x0
 .v4_bx         0x08005230        0x0 linker stubs

.iplt           0x08005230        0x0
 .iplt          0x08005230        0x0 C:/ST/STM32CubeIDE_2.1.1/STM32CubeIDE/plugins/com.st.stm32cube.ide.mcu.externaltools.gnu-tools-for-stm32.14.3.rel1.win32_1.0.100.202602081740/tools/bin/../lib/gcc/arm-none-eabi/14.3.1/thumb/v7-m/nofp/crtbegin.o

.rodata         0x08005230       0x2c
                0x08005230                        . = ALIGN (0x4)
 *(.rodata)
 *(.rodata*)
 .rodata.AHBPrescTable
                0x08005230       0x10 ./Core/Src/system_stm32f1xx.o
                0x08005230                AHBPrescTable
 .rodata.APBPrescTable
                0x08005240        0x8 ./Core/Src/system_stm32f1xx.o
                0x08005240                APBPrescTable
 .rodata.aPLLMULFactorTable.1
                0x08005248       0x10 ./Drivers/STM32F1xx_HAL_Driver/Src/stm32f1xx_hal_rcc.o
 .rodata.aPredivFactorTable.0
                0x08005258        0x2 ./Drivers/STM32F1xx_HAL_Driver/Src/stm32f1xx_hal_rcc.o
                0x0800525c                        . = ALIGN (0x4)
 *fill*         0x0800525a        0x2 

.ARM.extab      0x0800525c        0x0
                0x0800525c                        . = ALIGN (0x4)
 *(.ARM.extab* .gnu.linkonce.armextab.*)
                0x0800525c                        . = ALIGN (0x4)

.ARM            0x0800525c        0x0
                0x0800525c                        . = ALIGN (0x4)
                0x0800525c                        __exidx_start = .
 *(.ARM.exidx*)
                0x0800525c                        __exidx_end = .
                0x0800525c                        . = ALIGN (0x4)

.preinit_array  0x0800525c        0x0
                0x0800525c                        . = ALIGN (0x4)
                0x0800525c                        PROVIDE (__preinit_array_start = .)
 *(.preinit_array*)
                0x0800525c                        PROVIDE (__preinit_array_end = .)
                0x0800525c                        . = ALIGN (0x4)

.init_array     0x0800525c        0x4
                0x0800525c                        . = ALIGN (0x4)
                0x0800525c                        PROVIDE (__init_array_start = .)
 *(SORT_BY_NAME(.init_array.*))
 *(.init_array*)
 .init_array    0x0800525c        0x4 C:/ST/STM32CubeIDE_2.1.1/STM32CubeIDE/plugins/com.st.stm32cube.ide.mcu.externaltools.gnu-tools-for-stm32.14.3.rel1.win32_1.0.100.202602081740/tools/bin/../lib/gcc/arm-none-eabi/14.3.1/thumb/v7-m/nofp/crtbegin.o
                0x08005260                        PROVIDE (__init_array_end = .)
                0x08005260                        . = ALIGN (0x4)

.fini_array     0x08005260        0x4
                0x08005260                        . = ALIGN (0x4)
                [!provide]                        PROVIDE (__fini_array_start = .)
 *(SORT_BY_NAME(.fini_array.*))
 *(.fini_array*)
 .fini_array    0x08005260        0x4 C:/ST/STM32CubeIDE_2.1.1/STM32CubeIDE/plugins/com.st.stm32cube.ide.mcu.externaltools.gnu-tools-for-stm32.14.3.rel1.win32_1.0.100.202602081740/tools/bin/../lib/gcc/arm-none-eabi/14.3.1/thumb/v7-m/nofp/crtbegin.o
                [!provide]                        PROVIDE (__fini_array_end = .)
                0x08005264                        . = ALIGN (0x4)
                0x08005264                        _sidata = LOADADDR (.data)

.rel.dyn        0x08005264        0x0
 .rel.iplt      0x08005264        0x0 C:/ST/STM32CubeIDE_2.1.1/STM32CubeIDE/plugins/com.st.stm32cube.ide.mcu.externaltools.gnu-tools-for-stm32.14.3.rel1.win32_1.0.100.202602081740/tools/bin/../lib/gcc/arm-none-eabi/14.3.1/thumb/v7-m/nofp/crtbegin.o

.data           0x20000000       0x10 load address 0x08005264
                0x20000000                        . = ALIGN (0x4)
                0x20000000                        _sdata = .
 *(.data)
 *(.data*)
 .data.dist_left
                0x20000000        0x2 ./Core/Src/main.o
                0x20000000                dist_left
 .data.dist_right
                0x20000002        0x2 ./Core/Src/main.o
                0x20000002                dist_right
 .data.SystemCoreClock
                0x20000004        0x4 ./Core/Src/system_stm32f1xx.o
                0x20000004                SystemCoreClock
 .data.uwTickPrio
                0x20000008        0x4 ./Drivers/STM32F1xx_HAL_Driver/Src/stm32f1xx_hal.o
                0x20000008                uwTickPrio
 .data.uwTickFreq
                0x2000000c        0x1 ./Drivers/STM32F1xx_HAL_Driver/Src/stm32f1xx_hal.o
                0x2000000c                uwTickFreq
 *(.RamFunc)
 *(.RamFunc*)
                0x20000010                        . = ALIGN (0x4)
 *fill*         0x2000000d        0x3 
                0x20000010                        _edata = .

.igot.plt       0x20000010        0x0 load address 0x08005274
 .igot.plt      0x20000010        0x0 C:/ST/STM32CubeIDE_2.1.1/STM32CubeIDE/plugins/com.st.stm32cube.ide.mcu.externaltools.gnu-tools-for-stm32.14.3.rel1.win32_1.0.100.202602081740/tools/bin/../lib/gcc/arm-none-eabi/14.3.1/thumb/v7-m/nofp/crtbegin.o
                0x20000010                        . = ALIGN (0x4)

.bss            0x20000010      0x28c load address 0x08005274
                0x20000010                        _sbss = .
                0x20000010                        __bss_start__ = _sbss
 *(.bss)
 .bss           0x20000010       0x1c C:/ST/STM32CubeIDE_2.1.1/STM32CubeIDE/plugins/com.st.stm32cube.ide.mcu.externaltools.gnu-tools-for-stm32.14.3.rel1.win32_1.0.100.202602081740/tools/bin/../lib/gcc/arm-none-eabi/14.3.1/thumb/v7-m/nofp/crtbegin.o
 *(.bss*)
 .bss.hc_htim   0x2000002c        0x4 ./Core/Src/hc_sr04.o
 .bss.sensor_left
                0x20000030        0xc ./Core/Src/hc_sr04.o
 .bss.sensor_right
                0x2000003c        0xc ./Core/Src/hc_sr04.o
 .bss.state.0   0x20000048        0x1 ./Core/Src/hc_sr04.o
 *fill*         0x20000049        0x3 
 .bss.htim1     0x2000004c       0x48 ./Core/Src/main.o
                0x2000004c                htim1
 .bss.htim2     0x20000094       0x48 ./Core/Src/main.o
                0x20000094                htim2
 .bss.htim3     0x200000dc       0x48 ./Core/Src/main.o
                0x200000dc                htim3
 .bss.htim4     0x20000124       0x48 ./Core/Src/main.o
                0x20000124                htim4
 .bss.huart1    0x2000016c       0x48 ./Core/Src/main.o
                0x2000016c                huart1
 .bss.hdma_usart1_rx
                0x200001b4       0x44 ./Core/Src/main.o
                0x200001b4                hdma_usart1_rx
 .bss.speed_pid
                0x200001f8       0x24 ./Core/Src/main.o
                0x200001f8                speed_pid
 .bss.prev_tick
                0x2000021c        0x4 ./Core/Src/main.o
                0x2000021c                prev_tick
 .bss.target_speed
                0x20000220        0x2 ./Core/Src/main.o
                0x20000220                target_speed
 .bss.steering_error
                0x20000222        0x1 ./Core/Src/main.o
                0x20000222                steering_error
 .bss.brake_command
                0x20000223        0x1 ./Core/Src/main.o
                0x20000223                brake_command
 .bss.final_target_speed
                0x20000224        0x2 ./Core/Src/main.o
                0x20000224                final_target_speed
 .bss.actual_rpm
                0x20000226        0x2 ./Core/Src/main.o
                0x20000226                actual_rpm
 .bss.motor_pwm_htim
                0x20000228        0x4 ./Core/Src/motor_dc.o
 .bss.motor_enc_htim
                0x2000022c        0x4 ./Core/Src/motor_dc.o
 .bss.motor_arr
                0x20000230        0x4 ./Core/Src/motor_dc.o
 .bss.servo_htim
                0x20000234        0x4 ./Core/Src/servo.o
 .bss.current_angle
                0x20000238        0x1 ./Core/Src/servo.o
 .bss.target_angle
                0x20000239        0x1 ./Core/Src/servo.o
 *fill*         0x2000023a        0x2 
 .bss.servo_arr
                0x2000023c        0x4 ./Core/Src/servo.o
 .bss.current_rx_packet
                0x20000240        0x8 ./Core/Src/uart_comm.o
 .bss.current_tx_packet
                0x20000248        0x9 ./Core/Src/uart_comm.o
 *fill*         0x20000251        0x3 
 .bss.rx_dma_buffer
                0x20000254       0x40 ./Core/Src/uart_comm.o
 .bss.rd_ptr    0x20000294        0x2 ./Core/Src/uart_comm.o
 .bss.current_system_state
                0x20000296        0x1 ./Core/Src/uart_comm.o
 .bss.rpi_brake_request
                0x20000297        0x1 ./Core/Src/uart_comm.o
 .bss.uwTick    0x20000298        0x4 ./Drivers/STM32F1xx_HAL_Driver/Src/stm32f1xx_hal.o
                0x20000298                uwTick
 *(COMMON)
                0x2000029c                        . = ALIGN (0x4)
                0x2000029c                        _ebss = .
                0x2000029c                        __bss_end__ = _ebss

._user_heap_stack
                0x2000029c      0x604 load address 0x08005274
                0x200002a0                        . = ALIGN (0x8)
 *fill*         0x2000029c        0x4 
                [!provide]                        PROVIDE (end = .)
                0x200002a0                        PROVIDE (_end = .)
                0x200004a0                        . = (. + _Min_Heap_Size)
 *fill*         0x200002a0      0x200 
                0x200008a0                        . = (. + _Min_Stack_Size)
 *fill*         0x200004a0      0x400 
                0x200008a0                        . = ALIGN (0x8)

/DISCARD/
 libc.a(*)
 libm.a(*)
 libgcc.a(*)

.ARM.attributes
                0x00000000       0x29
 *(.ARM.attributes)
 .ARM.attributes
                0x00000000       0x1d C:/ST/STM32CubeIDE_2.1.1/STM32CubeIDE/plugins/com.st.stm32cube.ide.mcu.externaltools.gnu-tools-for-stm32.14.3.rel1.win32_1.0.100.202602081740/tools/bin/../lib/gcc/arm-none-eabi/14.3.1/thumb/v7-m/nofp/crti.o
 .ARM.attributes
                0x0000001d       0x2d C:/ST/STM32CubeIDE_2.1.1/STM32CubeIDE/plugins/com.st.stm32cube.ide.mcu.externaltools.gnu-tools-for-stm32.14.3.rel1.win32_1.0.100.202602081740/tools/bin/../lib/gcc/arm-none-eabi/14.3.1/thumb/v7-m/nofp/crtbegin.o
 .ARM.attributes
                0x0000004a       0x2d ./Core/Src/hc_sr04.o
 .ARM.attributes
                0x00000077       0x2d ./Core/Src/main.o
 .ARM.attributes
                0x000000a4       0x2d ./Core/Src/motor_dc.o
 .ARM.attributes
                0x000000d1       0x2d ./Core/Src/pid_dc.o
 .ARM.attributes
                0x000000fe       0x2d ./Core/Src/servo.o
 .ARM.attributes
                0x0000012b       0x2d ./Core/Src/stm32f1xx_hal_msp.o
 .ARM.attributes
                0x00000158       0x2d ./Core/Src/stm32f1xx_it.o
 .ARM.attributes
                0x00000185       0x2d ./Core/Src/system_stm32f1xx.o
 .ARM.attributes
                0x000001b2       0x2d ./Core/Src/uart_comm.o
 .ARM.attributes
                0x000001df       0x21 ./Core/Startup/startup_stm32f103c8tx.o
 .ARM.attributes
                0x00000200       0x2d ./Drivers/STM32F1xx_HAL_Driver/Src/stm32f1xx_hal.o
 .ARM.attributes
                0x0000022d       0x2d ./Drivers/STM32F1xx_HAL_Driver/Src/stm32f1xx_hal_cortex.o
 .ARM.attributes
                0x0000025a       0x2d ./Drivers/STM32F1xx_HAL_Driver/Src/stm32f1xx_hal_dma.o
 .ARM.attributes
                0x00000287       0x2d ./Drivers/STM32F1xx_HAL_Driver/Src/stm32f1xx_hal_gpio.o
 .ARM.attributes
                0x000002b4       0x2d ./Drivers/STM32F1xx_HAL_Driver/Src/stm32f1xx_hal_rcc.o
 .ARM.attributes
                0x000002e1       0x2d ./Drivers/STM32F1xx_HAL_Driver/Src/stm32f1xx_hal_tim.o
 .ARM.attributes
                0x0000030e       0x2d ./Drivers/STM32F1xx_HAL_Driver/Src/stm32f1xx_hal_tim_ex.o
 .ARM.attributes
                0x0000033b       0x2d ./Drivers/STM32F1xx_HAL_Driver/Src/stm32f1xx_hal_uart.o
 .ARM.attributes
                0x00000368       0x2d C:/ST/STM32CubeIDE_2.1.1/STM32CubeIDE/plugins/com.st.stm32cube.ide.mcu.externaltools.gnu-tools-for-stm32.14.3.rel1.win32_1.0.100.202602081740/tools/bin/../lib/gcc/arm-none-eabi/14.3.1/../../../../arm-none-eabi/lib/thumb/v7-m/nofp\libc_nano.a(libc_a-memset.o)
 .ARM.attributes
                0x00000395       0x2d C:/ST/STM32CubeIDE_2.1.1/STM32CubeIDE/plugins/com.st.stm32cube.ide.mcu.externaltools.gnu-tools-for-stm32.14.3.rel1.win32_1.0.100.202602081740/tools/bin/../lib/gcc/arm-none-eabi/14.3.1/../../../../arm-none-eabi/lib/thumb/v7-m/nofp\libc_nano.a(libc_a-init.o)
 .ARM.attributes
                0x000003c2       0x1d C:/ST/STM32CubeIDE_2.1.1/STM32CubeIDE/plugins/com.st.stm32cube.ide.mcu.externaltools.gnu-tools-for-stm32.14.3.rel1.win32_1.0.100.202602081740/tools/bin/../lib/gcc/arm-none-eabi/14.3.1/thumb/v7-m/nofp/crtn.o
OUTPUT(line_detection_stm32.elf elf32-littlearm)
LOAD linker stubs
LOAD C:/ST/STM32CubeIDE_2.1.1/STM32CubeIDE/plugins/com.st.stm32cube.ide.mcu.externaltools.gnu-tools-for-stm32.14.3.rel1.win32_1.0.100.202602081740/tools/bin/../lib/gcc/arm-none-eabi/14.3.1/../../../../arm-none-eabi/lib/thumb/v7-m/nofp\libc.a
LOAD C:/ST/STM32CubeIDE_2.1.1/STM32CubeIDE/plugins/com.st.stm32cube.ide.mcu.externaltools.gnu-tools-for-stm32.14.3.rel1.win32_1.0.100.202602081740/tools/bin/../lib/gcc/arm-none-eabi/14.3.1/../../../../arm-none-eabi/lib/thumb/v7-m/nofp\libm.a
LOAD C:/ST/STM32CubeIDE_2.1.1/STM32CubeIDE/plugins/com.st.stm32cube.ide.mcu.externaltools.gnu-tools-for-stm32.14.3.rel1.win32_1.0.100.202602081740/tools/bin/../lib/gcc/arm-none-eabi/14.3.1/thumb/v7-m/nofp\libgcc.a

.debug_info     0x00000000     0xe6c5
 .debug_info    0x00000000      0x85f ./Core/Src/hc_sr04.o
 .debug_info    0x0000085f     0x165c ./Core/Src/main.o
 .debug_info    0x00001ebb      0x732 ./Core/Src/motor_dc.o
 .debug_info    0x000025ed      0x29f ./Core/Src/pid_dc.o
 .debug_info    0x0000288c      0x71a ./Core/Src/servo.o
 .debug_info    0x00002fa6      0xef4 ./Core/Src/stm32f1xx_hal_msp.o
 .debug_info    0x00003e9a      0x994 ./Core/Src/stm32f1xx_it.o
 .debug_info    0x0000482e      0x222 ./Core/Src/system_stm32f1xx.o
 .debug_info    0x00004a50      0x987 ./Core/Src/uart_comm.o
 .debug_info    0x000053d7       0x30 ./Core/Startup/startup_stm32f103c8tx.o
 .debug_info    0x00005407      0x704 ./Drivers/STM32F1xx_HAL_Driver/Src/stm32f1xx_hal.o
 .debug_info    0x00005b0b      0xa87 ./Drivers/STM32F1xx_HAL_Driver/Src/stm32f1xx_hal_cortex.o
 .debug_info    0x00006592      0x6d2 ./Drivers/STM32F1xx_HAL_Driver/Src/stm32f1xx_hal_dma.o
 .debug_info    0x00006c64      0x5ab ./Drivers/STM32F1xx_HAL_Driver/Src/stm32f1xx_hal_gpio.o
 .debug_info    0x0000720f      0x7d5 ./Drivers/STM32F1xx_HAL_Driver/Src/stm32f1xx_hal_rcc.o
 .debug_info    0x000079e4     0x2959 ./Drivers/STM32F1xx_HAL_Driver/Src/stm32f1xx_hal_tim.o
 .debug_info    0x0000a33d     0x149b ./Drivers/STM32F1xx_HAL_Driver/Src/stm32f1xx_hal_tim_ex.o
 .debug_info    0x0000b7d8     0x2eed ./Drivers/STM32F1xx_HAL_Driver/Src/stm32f1xx_hal_uart.o

.debug_abbrev   0x00000000     0x23e1
 .debug_abbrev  0x00000000      0x1cb ./Core/Src/hc_sr04.o
 .debug_abbrev  0x000001cb      0x315 ./Core/Src/main.o
 .debug_abbrev  0x000004e0      0x1ae ./Core/Src/motor_dc.o
 .debug_abbrev  0x0000068e      0x103 ./Core/Src/pid_dc.o
 .debug_abbrev  0x00000791      0x192 ./Core/Src/servo.o
 .debug_abbrev  0x00000923      0x25d ./Core/Src/stm32f1xx_hal_msp.o
 .debug_abbrev  0x00000b80      0x19b ./Core/Src/stm32f1xx_it.o
 .debug_abbrev  0x00000d1b      0x13f ./Core/Src/system_stm32f1xx.o
 .debug_abbrev  0x00000e5a      0x1f1 ./Core/Src/uart_comm.o
 .debug_abbrev  0x0000104b       0x24 ./Core/Startup/startup_stm32f103c8tx.o
 .debug_abbrev  0x0000106f      0x201 ./Drivers/STM32F1xx_HAL_Driver/Src/stm32f1xx_hal.o
 .debug_abbrev  0x00001270      0x2f8 ./Drivers/STM32F1xx_HAL_Driver/Src/stm32f1xx_hal_cortex.o
 .debug_abbrev  0x00001568      0x20b ./Drivers/STM32F1xx_HAL_Driver/Src/stm32f1xx_hal_dma.o
 .debug_abbrev  0x00001773      0x1ca ./Drivers/STM32F1xx_HAL_Driver/Src/stm32f1xx_hal_gpio.o
 .debug_abbrev  0x0000193d      0x2b3 ./Drivers/STM32F1xx_HAL_Driver/Src/stm32f1xx_hal_rcc.o
 .debug_abbrev  0x00001bf0      0x277 ./Drivers/STM32F1xx_HAL_Driver/Src/stm32f1xx_hal_tim.o
 .debug_abbrev  0x00001e67      0x282 ./Drivers/STM32F1xx_HAL_Driver/Src/stm32f1xx_hal_tim_ex.o
 .debug_abbrev  0x000020e9      0x2f8 ./Drivers/STM32F1xx_HAL_Driver/Src/stm32f1xx_hal_uart.o

.debug_aranges  0x00000000      0xd40
 .debug_aranges
                0x00000000       0x40 ./Core/Src/hc_sr04.o
 .debug_aranges
                0x00000040       0x78 ./Core/Src/main.o
 .debug_aranges
                0x000000b8       0x30 ./Core/Src/motor_dc.o
 .debug_aranges
                0x000000e8       0x38 ./Core/Src/pid_dc.o
 .debug_aranges
                0x00000120       0x30 ./Core/Src/servo.o
 .debug_aranges
                0x00000150       0x58 ./Core/Src/stm32f1xx_hal_msp.o
 .debug_aranges
                0x000001a8       0x80 ./Core/Src/stm32f1xx_it.o
 .debug_aranges
                0x00000228       0x28 ./Core/Src/system_stm32f1xx.o
 .debug_aranges
                0x00000250       0x40 ./Core/Src/uart_comm.o
 .debug_aranges
                0x00000290       0x28 ./Core/Startup/startup_stm32f103c8tx.o
 .debug_aranges
                0x000002b8       0xe0 ./Drivers/STM32F1xx_HAL_Driver/Src/stm32f1xx_hal.o
 .debug_aranges
                0x00000398      0x100 ./Drivers/STM32F1xx_HAL_Driver/Src/stm32f1xx_hal_cortex.o
 .debug_aranges
                0x00000498       0x80 ./Drivers/STM32F1xx_HAL_Driver/Src/stm32f1xx_hal_dma.o
 .debug_aranges
                0x00000518       0x58 ./Drivers/STM32F1xx_HAL_Driver/Src/stm32f1xx_hal_gpio.o
 .debug_aranges
                0x00000570       0x90 ./Drivers/STM32F1xx_HAL_Driver/Src/stm32f1xx_hal_rcc.o
 .debug_aranges
                0x00000600      0x3d0 ./Drivers/STM32F1xx_HAL_Driver/Src/stm32f1xx_hal_tim.o
 .debug_aranges
                0x000009d0      0x168 ./Drivers/STM32F1xx_HAL_Driver/Src/stm32f1xx_hal_tim_ex.o
 .debug_aranges
                0x00000b38      0x208 ./Drivers/STM32F1xx_HAL_Driver/Src/stm32f1xx_hal_uart.o

.debug_rnglists
                0x00000000      0xa52
 .debug_rnglists
                0x00000000       0x2c ./Core/Src/hc_sr04.o
 .debug_rnglists
                0x0000002c       0x5c ./Core/Src/main.o
 .debug_rnglists
                0x00000088       0x20 ./Core/Src/motor_dc.o
 .debug_rnglists
                0x000000a8       0x26 ./Core/Src/pid_dc.o
 .debug_rnglists
                0x000000ce       0x20 ./Core/Src/servo.o
 .debug_rnglists
                0x000000ee       0x40 ./Core/Src/stm32f1xx_hal_msp.o
 .debug_rnglists
                0x0000012e       0x5b ./Core/Src/stm32f1xx_it.o
 .debug_rnglists
                0x00000189       0x1a ./Core/Src/system_stm32f1xx.o
 .debug_rnglists
                0x000001a3       0x2e ./Core/Src/uart_comm.o
 .debug_rnglists
                0x000001d1       0x19 ./Core/Startup/startup_stm32f103c8tx.o
 .debug_rnglists
                0x000001ea       0xa3 ./Drivers/STM32F1xx_HAL_Driver/Src/stm32f1xx_hal.o
 .debug_rnglists
                0x0000028d       0xbb ./Drivers/STM32F1xx_HAL_Driver/Src/stm32f1xx_hal_cortex.o
 .debug_rnglists
                0x00000348       0x64 ./Drivers/STM32F1xx_HAL_Driver/Src/stm32f1xx_hal_dma.o
 .debug_rnglists
                0x000003ac       0x3f ./Drivers/STM32F1xx_HAL_Driver/Src/stm32f1xx_hal_gpio.o
 .debug_rnglists
                0x000003eb       0x6c ./Drivers/STM32F1xx_HAL_Driver/Src/stm32f1xx_hal_rcc.o
 .debug_rnglists
                0x00000457      0x31a ./Drivers/STM32F1xx_HAL_Driver/Src/stm32f1xx_hal_tim.o
 .debug_rnglists
                0x00000771      0x125 ./Drivers/STM32F1xx_HAL_Driver/Src/stm32f1xx_hal_tim_ex.o
 .debug_rnglists
                0x00000896      0x1bc ./Drivers/STM32F1xx_HAL_Driver/Src/stm32f1xx_hal_uart.o

.debug_macro    0x00000000    0x17fbd
 .debug_macro   0x00000000      0x1ad ./Core/Src/hc_sr04.o
 .debug_macro   0x000001ad      0xacc ./Core/Src/hc_sr04.o
 .debug_macro   0x00000c79      0x221 ./Core/Src/hc_sr04.o
 .debug_macro   0x00000e9a       0x2e ./Core/Src/hc_sr04.o
 .debug_macro   0x00000ec8       0x22 ./Core/Src/hc_sr04.o
 .debug_macro   0x00000eea       0x22 ./Core/Src/hc_sr04.o
 .debug_macro   0x00000f0c       0x8e ./Core/Src/hc_sr04.o
 .debug_macro   0x00000f9a       0x51 ./Core/Src/hc_sr04.o
 .debug_macro   0x00000feb      0x103 ./Core/Src/hc_sr04.o
 .debug_macro   0x000010ee       0x6a ./Core/Src/hc_sr04.o
 .debug_macro   0x00001158      0x1df ./Core/Src/hc_sr04.o
 .debug_macro   0x00001337       0x1c ./Core/Src/hc_sr04.o
 .debug_macro   0x00001353       0x22 ./Core/Src/hc_sr04.o
 .debug_macro   0x00001375       0xbd ./Core/Src/hc_sr04.o
 .debug_macro   0x00001432      0xd23 ./Core/Src/hc_sr04.o
 .debug_macro   0x00002155     0xe09e ./Core/Src/hc_sr04.o
 .debug_macro   0x000101f3       0x6d ./Core/Src/hc_sr04.o
 .debug_macro   0x00010260     0x34a2 ./Core/Src/hc_sr04.o
 .debug_macro   0x00013702      0x190 ./Core/Src/hc_sr04.o
 .debug_macro   0x00013892       0x5c ./Core/Src/hc_sr04.o
 .debug_macro   0x000138ee      0x5bc ./Core/Src/hc_sr04.o
 .debug_macro   0x00013eaa      0x289 ./Core/Src/hc_sr04.o
 .debug_macro   0x00014133      0x1cb ./Core/Src/hc_sr04.o
 .debug_macro   0x000142fe      0x114 ./Core/Src/hc_sr04.o
 .debug_macro   0x00014412      0x1b2 ./Core/Src/hc_sr04.o
 .debug_macro   0x000145c4       0x27 ./Core/Src/hc_sr04.o
 .debug_macro   0x000145eb      0x136 ./Core/Src/hc_sr04.o
 .debug_macro   0x00014721      0x1bc ./Core/Src/hc_sr04.o
 .debug_macro   0x000148dd       0x34 ./Core/Src/hc_sr04.o
 .debug_macro   0x00014911       0x3c ./Core/Src/hc_sr04.o
 .debug_macro   0x0001494d       0x57 ./Core/Src/hc_sr04.o
 .debug_macro   0x000149a4       0x87 ./Core/Src/hc_sr04.o
 .debug_macro   0x00014a2b      0x240 ./Core/Src/hc_sr04.o
 .debug_macro   0x00014c6b      0x140 ./Core/Src/hc_sr04.o
 .debug_macro   0x00014dab      0x8ed ./Core/Src/hc_sr04.o
 .debug_macro   0x00015698      0x28e ./Core/Src/hc_sr04.o
 .debug_macro   0x00015926       0x83 ./Core/Src/hc_sr04.o
 .debug_macro   0x000159a9      0x1fe ./Core/Src/main.o
 .debug_macro   0x00015ba7       0x1c ./Core/Src/main.o
 .debug_macro   0x00015bc3       0x22 ./Core/Src/main.o
 .debug_macro   0x00015be5       0x1c ./Core/Src/main.o
 .debug_macro   0x00015c01      0x1b6 ./Core/Src/motor_dc.o
 .debug_macro   0x00015db7      0x13e ./Core/Src/pid_dc.o
 .debug_macro   0x00015ef5       0x24 ./Core/Src/pid_dc.o
 .debug_macro   0x00015f19       0x61 ./Core/Src/pid_dc.o
 .debug_macro   0x00015f7a       0x43 ./Core/Src/pid_dc.o
 .debug_macro   0x00015fbd       0x34 ./Core/Src/pid_dc.o
 .debug_macro   0x00015ff1       0x16 ./Core/Src/pid_dc.o
 .debug_macro   0x00016007      0x11c ./Core/Src/pid_dc.o
 .debug_macro   0x00016123       0x9b ./Core/Src/pid_dc.o
 .debug_macro   0x000161be      0x364 ./Core/Src/pid_dc.o
 .debug_macro   0x00016522       0x16 ./Core/Src/pid_dc.o
 .debug_macro   0x00016538       0x4a ./Core/Src/pid_dc.o
 .debug_macro   0x00016582       0x34 ./Core/Src/pid_dc.o
 .debug_macro   0x000165b6       0x10 ./Core/Src/pid_dc.o
 .debug_macro   0x000165c6       0x58 ./Core/Src/pid_dc.o
 .debug_macro   0x0001661e       0x8e ./Core/Src/pid_dc.o
 .debug_macro   0x000166ac       0x1c ./Core/Src/pid_dc.o
 .debug_macro   0x000166c8      0x17e ./Core/Src/pid_dc.o
 .debug_macro   0x00016846       0x16 ./Core/Src/pid_dc.o
 .debug_macro   0x0001685c       0x29 ./Core/Src/pid_dc.o
 .debug_macro   0x00016885      0x1b3 ./Core/Src/servo.o
 .debug_macro   0x00016a38      0x1b2 ./Core/Src/stm32f1xx_hal_msp.o
 .debug_macro   0x00016bea      0x1bc ./Core/Src/stm32f1xx_it.o
 .debug_macro   0x00016da6      0x1a3 ./Core/Src/system_stm32f1xx.o
 .debug_macro   0x00016f49      0x289 ./Core/Src/uart_comm.o
 .debug_macro   0x000171d2       0x10 ./Core/Src/uart_comm.o
 .debug_macro   0x000171e2       0x20 ./Core/Src/uart_comm.o
 .debug_macro   0x00017202      0x1c7 ./Drivers/STM32F1xx_HAL_Driver/Src/stm32f1xx_hal.o
 .debug_macro   0x000173c9      0x1a3 ./Drivers/STM32F1xx_HAL_Driver/Src/stm32f1xx_hal_cortex.o
 .debug_macro   0x0001756c      0x1a3 ./Drivers/STM32F1xx_HAL_Driver/Src/stm32f1xx_hal_dma.o
 .debug_macro   0x0001770f      0x20e ./Drivers/STM32F1xx_HAL_Driver/Src/stm32f1xx_hal_gpio.o
 .debug_macro   0x0001791d      0x1b5 ./Drivers/STM32F1xx_HAL_Driver/Src/stm32f1xx_hal_rcc.o
 .debug_macro   0x00017ad2      0x1a4 ./Drivers/STM32F1xx_HAL_Driver/Src/stm32f1xx_hal_tim.o
 .debug_macro   0x00017c76      0x1a3 ./Drivers/STM32F1xx_HAL_Driver/Src/stm32f1xx_hal_tim_ex.o
 .debug_macro   0x00017e19      0x1a4 ./Drivers/STM32F1xx_HAL_Driver/Src/stm32f1xx_hal_uart.o

.debug_line     0x00000000     0xf96c
 .debug_line    0x00000000      0x847 ./Core/Src/hc_sr04.o
 .debug_line    0x00000847      0xaf5 ./Core/Src/main.o
 .debug_line    0x0000133c      0x7b4 ./Core/Src/motor_dc.o
 .debug_line    0x00001af0      0x688 ./Core/Src/pid_dc.o
 .debug_line    0x00002178      0x79f ./Core/Src/servo.o
 .debug_line    0x00002917      0x89a ./Core/Src/stm32f1xx_hal_msp.o
 .debug_line    0x000031b1      0x80f ./Core/Src/stm32f1xx_it.o
 .debug_line    0x000039c0      0x77f ./Core/Src/system_stm32f1xx.o
 .debug_line    0x0000413f      0xa77 ./Core/Src/uart_comm.o
 .debug_line    0x00004bb6       0x78 ./Core/Startup/startup_stm32f103c8tx.o
 .debug_line    0x00004c2e      0x9b3 ./Drivers/STM32F1xx_HAL_Driver/Src/stm32f1xx_hal.o
 .debug_line    0x000055e1      0xb7a ./Drivers/STM32F1xx_HAL_Driver/Src/stm32f1xx_hal_cortex.o
 .debug_line    0x0000615b      0xdba ./Drivers/STM32F1xx_HAL_Driver/Src/stm32f1xx_hal_dma.o
 .debug_line    0x00006f15      0xa0a ./Drivers/STM32F1xx_HAL_Driver/Src/stm32f1xx_hal_gpio.o
 .debug_line    0x0000791f      0xe69 ./Drivers/STM32F1xx_HAL_Driver/Src/stm32f1xx_hal_rcc.o
 .debug_line    0x00008788     0x34a4 ./Drivers/STM32F1xx_HAL_Driver/Src/stm32f1xx_hal_tim.o
 .debug_line    0x0000bc2c     0x1874 ./Drivers/STM32F1xx_HAL_Driver/Src/stm32f1xx_hal_tim_ex.o
 .debug_line    0x0000d4a0     0x24cc ./Drivers/STM32F1xx_HAL_Driver/Src/stm32f1xx_hal_uart.o

.debug_str      0x00000000    0x8a25e
 .debug_str     0x00000000    0x8a25e ./Core/Src/hc_sr04.o
                              0x83d6a (size before relaxing)
 .debug_str     0x0008a25e    0x84a9c ./Core/Src/main.o
 .debug_str     0x0008a25e    0x83cdf ./Core/Src/motor_dc.o
 .debug_str     0x0008a25e     0x73e6 ./Core/Src/pid_dc.o
 .debug_str     0x0008a25e    0x83ca8 ./Core/Src/servo.o
 .debug_str     0x0008a25e    0x84337 ./Core/Src/stm32f1xx_hal_msp.o
 .debug_str     0x0008a25e    0x83f65 ./Core/Src/stm32f1xx_it.o
 .debug_str     0x0008a25e    0x83790 ./Core/Src/system_stm32f1xx.o
 .debug_str     0x0008a25e    0x86fb8 ./Core/Src/uart_comm.o
 .debug_str     0x0008a25e       0x71 ./Core/Startup/startup_stm32f103c8tx.o
 .debug_str     0x0008a25e    0x83ec3 ./Drivers/STM32F1xx_HAL_Driver/Src/stm32f1xx_hal.o
 .debug_str     0x0008a25e    0x83e0f ./Drivers/STM32F1xx_HAL_Driver/Src/stm32f1xx_hal_cortex.o
 .debug_str     0x0008a25e    0x83b39 ./Drivers/STM32F1xx_HAL_Driver/Src/stm32f1xx_hal_dma.o
 .debug_str     0x0008a25e    0x83b16 ./Drivers/STM32F1xx_HAL_Driver/Src/stm32f1xx_hal_gpio.o
 .debug_str     0x0008a25e    0x83bbf ./Drivers/STM32F1xx_HAL_Driver/Src/stm32f1xx_hal_rcc.o
 .debug_str     0x0008a25e    0x84bc1 ./Drivers/STM32F1xx_HAL_Driver/Src/stm32f1xx_hal_tim.o
 .debug_str     0x0008a25e    0x843cd ./Drivers/STM32F1xx_HAL_Driver/Src/stm32f1xx_hal_tim_ex.o
 .debug_str     0x0008a25e    0x84230 ./Drivers/STM32F1xx_HAL_Driver/Src/stm32f1xx_hal_uart.o

.comment        0x00000000       0x43
 .comment       0x00000000       0x43 ./Core/Src/hc_sr04.o
                                 0x44 (size before relaxing)
 .comment       0x00000043       0x44 ./Core/Src/main.o
 .comment       0x00000043       0x44 ./Core/Src/motor_dc.o
 .comment       0x00000043       0x44 ./Core/Src/pid_dc.o
 .comment       0x00000043       0x44 ./Core/Src/servo.o
 .comment       0x00000043       0x44 ./Core/Src/stm32f1xx_hal_msp.o
 .comment       0x00000043       0x44 ./Core/Src/stm32f1xx_it.o
 .comment       0x00000043       0x44 ./Core/Src/system_stm32f1xx.o
 .comment       0x00000043       0x44 ./Core/Src/uart_comm.o
 .comment       0x00000043       0x44 ./Drivers/STM32F1xx_HAL_Driver/Src/stm32f1xx_hal.o
 .comment       0x00000043       0x44 ./Drivers/STM32F1xx_HAL_Driver/Src/stm32f1xx_hal_cortex.o
 .comment       0x00000043       0x44 ./Drivers/STM32F1xx_HAL_Driver/Src/stm32f1xx_hal_dma.o
 .comment       0x00000043       0x44 ./Drivers/STM32F1xx_HAL_Driver/Src/stm32f1xx_hal_gpio.o
 .comment       0x00000043       0x44 ./Drivers/STM32F1xx_HAL_Driver/Src/stm32f1xx_hal_rcc.o
 .comment       0x00000043       0x44 ./Drivers/STM32F1xx_HAL_Driver/Src/stm32f1xx_hal_tim.o
 .comment       0x00000043       0x44 ./Drivers/STM32F1xx_HAL_Driver/Src/stm32f1xx_hal_tim_ex.o
 .comment       0x00000043       0x44 ./Drivers/STM32F1xx_HAL_Driver/Src/stm32f1xx_hal_uart.o

.debug_frame    0x00000000     0x3394
 .debug_frame   0x00000000       0xb4 ./Core/Src/hc_sr04.o
 .debug_frame   0x000000b4      0x1a8 ./Core/Src/main.o
 .debug_frame   0x0000025c       0x7c ./Core/Src/motor_dc.o
 .debug_frame   0x000002d8       0xa0 ./Core/Src/pid_dc.o
 .debug_frame   0x00000378       0x7c ./Core/Src/servo.o
 .debug_frame   0x000003f4      0x130 ./Core/Src/stm32f1xx_hal_msp.o
 .debug_frame   0x00000524      0x168 ./Core/Src/stm32f1xx_it.o
 .debug_frame   0x0000068c       0x50 ./Core/Src/system_stm32f1xx.o
 .debug_frame   0x000006dc       0xc4 ./Core/Src/uart_comm.o
 .debug_frame   0x000007a0      0x2e4 ./Drivers/STM32F1xx_HAL_Driver/Src/stm32f1xx_hal.o
 .debug_frame   0x00000a84      0x3f0 ./Drivers/STM32F1xx_HAL_Driver/Src/stm32f1xx_hal_cortex.o
 .debug_frame   0x00000e74      0x1e8 ./Drivers/STM32F1xx_HAL_Driver/Src/stm32f1xx_hal_dma.o
 .debug_frame   0x0000105c      0x130 ./Drivers/STM32F1xx_HAL_Driver/Src/stm32f1xx_hal_gpio.o
 .debug_frame   0x0000118c      0x1f8 ./Drivers/STM32F1xx_HAL_Driver/Src/stm32f1xx_hal_rcc.o
 .debug_frame   0x00001384     0x10e8 ./Drivers/STM32F1xx_HAL_Driver/Src/stm32f1xx_hal_tim.o
 .debug_frame   0x0000246c      0x600 ./Drivers/STM32F1xx_HAL_Driver/Src/stm32f1xx_hal_tim_ex.o
 .debug_frame   0x00002a6c      0x8dc ./Drivers/STM32F1xx_HAL_Driver/Src/stm32f1xx_hal_uart.o
 .debug_frame   0x00003348       0x20 C:/ST/STM32CubeIDE_2.1.1/STM32CubeIDE/plugins/com.st.stm32cube.ide.mcu.externaltools.gnu-tools-for-stm32.14.3.rel1.win32_1.0.100.202602081740/tools/bin/../lib/gcc/arm-none-eabi/14.3.1/../../../../arm-none-eabi/lib/thumb/v7-m/nofp\libc_nano.a(libc_a-memset.o)
 .debug_frame   0x00003368       0x2c C:/ST/STM32CubeIDE_2.1.1/STM32CubeIDE/plugins/com.st.stm32cube.ide.mcu.externaltools.gnu-tools-for-stm32.14.3.rel1.win32_1.0.100.202602081740/tools/bin/../lib/gcc/arm-none-eabi/14.3.1/../../../../arm-none-eabi/lib/thumb/v7-m/nofp\libc_nano.a(libc_a-init.o)

.debug_line_str
                0x00000000       0x55
 .debug_line_str
                0x00000000       0x55 ./Core/Startup/startup_stm32f103c8tx.o
