Archive member included to satisfy reference by file (symbol)

C:/ST/STM32CubeIDE_2.1.1/STM32CubeIDE/plugins/com.st.stm32cube.ide.mcu.externaltools.gnu-tools-for-stm32.14.3.rel1.win32_1.0.100.202602081740/tools/bin/../lib/gcc/arm-none-eabi/14.3.1/../../../../arm-none-eabi/lib/thumb/v7-m/nofp\libc_nano.a(libc_a-exit.o)
                              C:/ST/STM32CubeIDE_2.1.1/STM32CubeIDE/plugins/com.st.stm32cube.ide.mcu.externaltools.gnu-tools-for-stm32.14.3.rel1.win32_1.0.100.202602081740/tools/bin/../lib/gcc/arm-none-eabi/14.3.1/../../../../arm-none-eabi/lib/thumb/v7-m/nofp/crt0.o (exit)
C:/ST/STM32CubeIDE_2.1.1/STM32CubeIDE/plugins/com.st.stm32cube.ide.mcu.externaltools.gnu-tools-for-stm32.14.3.rel1.win32_1.0.100.202602081740/tools/bin/../lib/gcc/arm-none-eabi/14.3.1/../../../../arm-none-eabi/lib/thumb/v7-m/nofp\libc_nano.a(libc_a-findfp.o)
                              C:/ST/STM32CubeIDE_2.1.1/STM32CubeIDE/plugins/com.st.stm32cube.ide.mcu.externaltools.gnu-tools-for-stm32.14.3.rel1.win32_1.0.100.202602081740/tools/bin/../lib/gcc/arm-none-eabi/14.3.1/../../../../arm-none-eabi/lib/thumb/v7-m/nofp\libc_nano.a(libc_a-exit.o) (__stdio_exit_handler)
C:/ST/STM32CubeIDE_2.1.1/STM32CubeIDE/plugins/com.st.stm32cube.ide.mcu.externaltools.gnu-tools-for-stm32.14.3.rel1.win32_1.0.100.202602081740/tools/bin/../lib/gcc/arm-none-eabi/14.3.1/../../../../arm-none-eabi/lib/thumb/v7-m/nofp\libc_nano.a(libc_a-fwalk.o)
                              C:/ST/STM32CubeIDE_2.1.1/STM32CubeIDE/plugins/com.st.stm32cube.ide.mcu.externaltools.gnu-tools-for-stm32.14.3.rel1.win32_1.0.100.202602081740/tools/bin/../lib/gcc/arm-none-eabi/14.3.1/../../../../arm-none-eabi/lib/thumb/v7-m/nofp\libc_nano.a(libc_a-findfp.o) (_fwalk_sglue)
C:/ST/STM32CubeIDE_2.1.1/STM32CubeIDE/plugins/com.st.stm32cube.ide.mcu.externaltools.gnu-tools-for-stm32.14.3.rel1.win32_1.0.100.202602081740/tools/bin/../lib/gcc/arm-none-eabi/14.3.1/../../../../arm-none-eabi/lib/thumb/v7-m/nofp\libc_nano.a(libc_a-stdio.o)
                              C:/ST/STM32CubeIDE_2.1.1/STM32CubeIDE/plugins/com.st.stm32cube.ide.mcu.externaltools.gnu-tools-for-stm32.14.3.rel1.win32_1.0.100.202602081740/tools/bin/../lib/gcc/arm-none-eabi/14.3.1/../../../../arm-none-eabi/lib/thumb/v7-m/nofp\libc_nano.a(libc_a-findfp.o) (__sread)
C:/ST/STM32CubeIDE_2.1.1/STM32CubeIDE/plugins/com.st.stm32cube.ide.mcu.externaltools.gnu-tools-for-stm32.14.3.rel1.win32_1.0.100.202602081740/tools/bin/../lib/gcc/arm-none-eabi/14.3.1/../../../../arm-none-eabi/lib/thumb/v7-m/nofp\libc_nano.a(libc_a-memset.o)
                              C:/ST/STM32CubeIDE_2.1.1/STM32CubeIDE/plugins/com.st.stm32cube.ide.mcu.externaltools.gnu-tools-for-stm32.14.3.rel1.win32_1.0.100.202602081740/tools/bin/../lib/gcc/arm-none-eabi/14.3.1/../../../../arm-none-eabi/lib/thumb/v7-m/nofp/crt0.o (memset)
C:/ST/STM32CubeIDE_2.1.1/STM32CubeIDE/plugins/com.st.stm32cube.ide.mcu.externaltools.gnu-tools-for-stm32.14.3.rel1.win32_1.0.100.202602081740/tools/bin/../lib/gcc/arm-none-eabi/14.3.1/../../../../arm-none-eabi/lib/thumb/v7-m/nofp\libc_nano.a(libc_a-closer.o)
                              C:/ST/STM32CubeIDE_2.1.1/STM32CubeIDE/plugins/com.st.stm32cube.ide.mcu.externaltools.gnu-tools-for-stm32.14.3.rel1.win32_1.0.100.202602081740/tools/bin/../lib/gcc/arm-none-eabi/14.3.1/../../../../arm-none-eabi/lib/thumb/v7-m/nofp\libc_nano.a(libc_a-stdio.o) (_close_r)
C:/ST/STM32CubeIDE_2.1.1/STM32CubeIDE/plugins/com.st.stm32cube.ide.mcu.externaltools.gnu-tools-for-stm32.14.3.rel1.win32_1.0.100.202602081740/tools/bin/../lib/gcc/arm-none-eabi/14.3.1/../../../../arm-none-eabi/lib/thumb/v7-m/nofp\libc_nano.a(libc_a-reent.o)
                              C:/ST/STM32CubeIDE_2.1.1/STM32CubeIDE/plugins/com.st.stm32cube.ide.mcu.externaltools.gnu-tools-for-stm32.14.3.rel1.win32_1.0.100.202602081740/tools/bin/../lib/gcc/arm-none-eabi/14.3.1/../../../../arm-none-eabi/lib/thumb/v7-m/nofp\libc_nano.a(libc_a-closer.o) (errno)
C:/ST/STM32CubeIDE_2.1.1/STM32CubeIDE/plugins/com.st.stm32cube.ide.mcu.externaltools.gnu-tools-for-stm32.14.3.rel1.win32_1.0.100.202602081740/tools/bin/../lib/gcc/arm-none-eabi/14.3.1/../../../../arm-none-eabi/lib/thumb/v7-m/nofp\libc_nano.a(libc_a-impure.o)
                              C:/ST/STM32CubeIDE_2.1.1/STM32CubeIDE/plugins/com.st.stm32cube.ide.mcu.externaltools.gnu-tools-for-stm32.14.3.rel1.win32_1.0.100.202602081740/tools/bin/../lib/gcc/arm-none-eabi/14.3.1/../../../../arm-none-eabi/lib/thumb/v7-m/nofp\libc_nano.a(libc_a-reent.o) (_impure_ptr)
C:/ST/STM32CubeIDE_2.1.1/STM32CubeIDE/plugins/com.st.stm32cube.ide.mcu.externaltools.gnu-tools-for-stm32.14.3.rel1.win32_1.0.100.202602081740/tools/bin/../lib/gcc/arm-none-eabi/14.3.1/../../../../arm-none-eabi/lib/thumb/v7-m/nofp\libc_nano.a(libc_a-lseekr.o)
[...]
Memory Configuration

Name             Origin             Length             Attributes
RAM              0x20000000         0x00005000         xrw
FLASH            0x08000000         0x00010000         xr
*default*        0x00000000         0xffffffff

Linker script and memory map

LOAD C:/ST/STM32CubeIDE_2.1.1/STM32CubeIDE/plugins/com.st.stm32cube.ide.mcu.externaltools.gnu-tools-for-stm32.14.3.rel1.win32_1.0.100.202602081740/tools/bin/../lib/gcc/arm-none-eabi/14.3.1/thumb/v7-m/nofp/crti.o
LOAD C:/ST/STM32CubeIDE_2.1.1/STM32CubeIDE/plugins/com.st.stm32cube.ide.mcu.externaltools.gnu-tools-for-stm32.14.3.rel1.win32_1.0.100.202602081740/tools/bin/../lib/gcc/arm-none-eabi/14.3.1/thumb/v7-m/nofp/crtbegin.o
LOAD C:/ST/STM32CubeIDE_2.1.1/STM32CubeIDE/plugins/com.st.stm32cube.ide.mcu.externaltools.gnu-tools-for-stm32.14.3.rel1.win32_1.0.100.202602081740/tools/bin/../lib/gcc/arm-none-eabi/14.3.1/../../../../arm-none-eabi/lib/thumb/v7-m/nofp/crt0.o
LOAD ./Core/Src/hc_sr04.o
LOAD ./Core/Src/main.o
LOAD ./Core/Src/motor.o
LOAD ./Core/Src/pid.o
LOAD ./Core/Src/stm32f1xx_hal_msp.o
LOAD ./Core/Src/stm32f1xx_it.o
LOAD ./Core/Src/syscalls.o
LOAD ./Core/Src/sysmem.o
LOAD ./Core/Src/system_stm32f1xx.o
LOAD ./Core/Src/uart_comm.o
LOAD ./Core/Startup/startup_stm32f103c8tx.o
LOAD ./Drivers/STM32F1xx_HAL_Driver/Src/stm32f1xx_hal.o
LOAD ./Drivers/STM32F1xx_HAL_Driver/Src/stm32f1xx_hal_cortex.o
LOAD ./Drivers/STM32F1xx_HAL_Driver/Src/stm32f1xx_hal_dma.o
LOAD ./Drivers/STM32F1xx_HAL_Driver/Src/stm32f1xx_hal_exti.o
LOAD ./Drivers/STM32F1xx_HAL_Driver/Src/stm32f1xx_hal_flash.o
LOAD ./Drivers/STM32F1xx_HAL_Driver/Src/stm32f1xx_hal_flash_ex.o
LOAD ./Drivers/STM32F1xx_HAL_Driver/Src/stm32f1xx_hal_gpio.o
LOAD ./Drivers/STM32F1xx_HAL_Driver/Src/stm32f1xx_hal_gpio_ex.o
LOAD ./Drivers/STM32F1xx_HAL_Driver/Src/stm32f1xx_hal_pwr.o
LOAD ./Drivers/STM32F1xx_HAL_Driver/Src/stm32f1xx_hal_rcc.o
LOAD ./Drivers/STM32F1xx_HAL_Driver/Src/stm32f1xx_hal_rcc_ex.o
LOAD ./Drivers/STM32F1xx_HAL_Driver/Src/stm32f1xx_hal_tim.o
LOAD ./Drivers/STM32F1xx_HAL_Driver/Src/stm32f1xx_hal_tim_ex.o
LOAD ./Drivers/STM32F1xx_HAL_Driver/Src/stm32f1xx_hal_uart.o
START GROUP
LOAD C:/ST/STM32CubeIDE_2.1.1/STM32CubeIDE/plugins/com.st.stm32cube.ide.mcu.externaltools.gnu-tools-for-stm32.14.3.rel1.win32_1.0.100.202602081740/tools/bin/../lib/gcc/arm-none-eabi/14.3.1/../../../../arm-none-eabi/lib/thumb/v7-m/nofp\libc_nano.a
LOAD C:/ST/STM32CubeIDE_2.1.1/STM32CubeIDE/plugins/com.st.stm32cube.ide.mcu.externaltools.gnu-tools-for-stm32.14.3.rel1.win32_1.0.100.202602081740/tools/bin/../lib/gcc/arm-none-eabi/14.3.1/../../../../arm-none-eabi/lib/thumb/v7-m/nofp\libm.a
END GROUP
START GROUP
LOAD C:/ST/STM32CubeIDE_2.1.1/STM32CubeIDE/plugins/com.st.stm32cube.ide.mcu.externaltools.gnu-tools-for-stm32.14.3.rel1.win32_1.0.100.202602081740/tools/bin/../lib/gcc/arm-none-eabi/14.3.1/thumb/v7-m/nofp\libgcc.a
LOAD C:/ST/STM32CubeIDE_2.1.1/STM32CubeIDE/plugins/com.st.stm32cube.ide.mcu.externaltools.gnu-tools-for-stm32.14.3.rel1.win32_1.0.100.202602081740/tools/bin/../lib/gcc/arm-none-eabi/14.3.1/../../../../arm-none-eabi/lib/thumb/v7-m/nofp\libc_nano.a
END GROUP
START GROUP
LOAD C:/ST/STM32CubeIDE_2.1.1/STM32CubeIDE/plugins/com.st.stm32cube.ide.mcu.externaltools.gnu-tools-for-stm32.14.3.rel1.win32_1.0.100.202602081740/tools/bin/../lib/gcc/arm-none-eabi/14.3.1/thumb/v7-m/nofp\libgcc.a
LOAD C:/ST/STM32CubeIDE_2.1.1/STM32CubeIDE/plugins/com.st.stm32cube.ide.mcu.externaltools.gnu-tools-for-stm32.14.3.rel1.win32_1.0.100.202602081740/tools/bin/../lib/gcc/arm-none-eabi/14.3.1/../../../../arm-none-eabi/lib/thumb/v7-m/nofp\libc_nano.a
LOAD C:/ST/STM32CubeIDE_2.1.1/STM32CubeIDE/plugins/com.st.stm32cube.ide.mcu.externaltools.gnu-tools-for-stm32.14.3.rel1.win32_1.0.100.202602081740/tools/bin/../lib/gcc/arm-none-eabi/14.3.1/../../../../arm-none-eabi/lib/thumb/v7-m/nofp\libnosys.a
END GROUP
START GROUP
LOAD C:/ST/STM32CubeIDE_2.1.1/STM32CubeIDE/plugins/com.st.stm32cube.ide.mcu.externaltools.gnu-tools-for-stm32.14.3.rel1.win32_1.0.100.202602081740/tools/bin/../lib/gcc/arm-none-eabi/14.3.1/thumb/v7-m/nofp\libgcc.a
LOAD C:/ST/STM32CubeIDE_2.1.1/STM32CubeIDE/plugins/com.st.stm32cube.ide.mcu.externaltools.gnu-tools-for-stm32.14.3.rel1.win32_1.0.100.202602081740/tools/bin/../lib/gcc/arm-none-eabi/14.3.1/../../../../arm-none-eabi/lib/thumb/v7-m/nofp\libc_nano.a
LOAD C:/ST/STM32CubeIDE_2.1.1/STM32CubeIDE/plugins/com.st.stm32cube.ide.mcu.externaltools.gnu-tools-for-stm32.14.3.rel1.win32_1.0.100.202602081740/tools/bin/../lib/gcc/arm-none-eabi/14.3.1/../../../../arm-none-eabi/lib/thumb/v7-m/nofp\libnosys.a
END GROUP
LOAD C:/ST/STM32CubeIDE_2.1.1/STM32CubeIDE/plugins/com.st.stm32cube.ide.mcu.externaltools.gnu-tools-for-stm32.14.3.rel1.win32_1.0.100.202602081740/tools/bin/../lib/gcc/arm-none-eabi/14.3.1/thumb/v7-m/nofp/crtend.o
LOAD C:/ST/STM32CubeIDE_2.1.1/STM32CubeIDE/plugins/com.st.stm32cube.ide.mcu.externaltools.gnu-tools-for-stm32.14.3.rel1.win32_1.0.100.202602081740/tools/bin/../lib/gcc/arm-none-eabi/14.3.1/thumb/v7-m/nofp/crtn.o
                0x20005000                        _estack = (ORIGIN (RAM) + LENGTH (RAM))
                0x00000200                        _Min_Heap_Size = 0x200
                0x00000400                        _Min_Stack_Size = 0x400

.isr_vector     0x08000000      0x10c
                0x08000000                        . = ALIGN (0x4)
 *(.isr_vector)
 .isr_vector    0x08000000      0x10c ./Core/Startup/startup_stm32f103c8tx.o
                0x08000000                g_pfnVectors
                0x0800010c                        . = ALIGN (0x4)

.text           0x0800010c     0x3f78
                0x0800010c                        . = ALIGN (0x4)
 *(.text)
 .text          0x0800010c       0x40 C:/ST/STM32CubeIDE_2.1.1/STM32CubeIDE/plugins/com.st.stm32cube.ide.mcu.externaltools.gnu-tools-for-stm32.14.3.rel1.win32_1.0.100.202602081740/tools/bin/../lib/gcc/arm-none-eabi/14.3.1/thumb/v7-m/nofp/crtbegin.o
 .text          0x0800014c      0x168 C:/ST/STM32CubeIDE_2.1.1/STM32CubeIDE/plugins/com.st.stm32cube.ide.mcu.externaltools.gnu-tools-for-stm32.14.3.rel1.win32_1.0.100.202602081740/tools/bin/../lib/gcc/arm-none-eabi/14.3.1/thumb/v7-m/nofp\libgcc.a(_arm_mulsf3.o)
                0x0800014c                __aeabi_fmul
                0x0800014c                __mulsf3
 .text          0x080002b4      0x21c C:/ST/STM32CubeIDE_2.1.1/STM32CubeIDE/plugins/com.st.stm32cube.ide.mcu.externaltools.gnu-tools-for-stm32.14.3.rel1.win32_1.0.100.202602081740/tools/bin/../lib/gcc/arm-none-eabi/14.3.1/thumb/v7-m/nofp\libgcc.a(_arm_addsubsf3.o)
                0x080002b4                __aeabi_frsub
                0x080002bc                __subsf3
                0x080002bc                __aeabi_fsub
                0x080002c0                __aeabi_fadd
                0x080002c0                __addsf3
                0x08000420                __aeabi_ui2f
                0x08000420                __floatunsisf
                0x08000428                __aeabi_i2f
                0x08000428                __floatsisf
                0x08000444                __aeabi_ul2f
                0x08000444                __floatundisf
                0x08000454                __aeabi_l2f
                0x08000454                __floatdisf
 .text          0x080004d0       0xec C:/ST/STM32CubeIDE_2.1.1/STM32CubeIDE/plugins/com.st.stm32cube.ide.mcu.externaltools.gnu-tools-for-stm32.14.3.rel1.win32_1.0.100.202602081740/tools/bin/../lib/gcc/arm-none-eabi/14.3.1/thumb/v7-m/nofp\libgcc.a(_arm_cmpsf2.o)
                0x080004d0                __gesf2
                0x080004d0                __gtsf2
                0x080004d8                __lesf2
                0x080004d8                __ltsf2
                0x080004e0                __nesf2
                0x080004e0                __eqsf2
                0x080004e0                __cmpsf2
                0x08000540                __aeabi_cfrcmple
                0x08000548                __aeabi_cfcmpeq
                0x08000548                __aeabi_cfcmple
                0x08000558                __aeabi_fcmpeq
                0x0800056c                __aeabi_fcmplt
                0x08000580                __aeabi_fcmple
                0x08000594                __aeabi_fcmpge
                0x080005a8                __aeabi_fcmpgt
 .text          0x080005bc       0x4c C:/ST/STM32CubeIDE_2.1.1/STM32CubeIDE/plugins/com.st.stm32cube.ide.mcu.externaltools.gnu-tools-for-stm32.14.3.rel1.win32_1.0.100.202602081740/tools/bin/../lib/gcc/arm-none-eabi/14.3.1/thumb/v7-m/nofp\libgcc.a(_arm_fixsfsi.o)
                0x080005bc                __aeabi_f2iz
                0x080005bc                __fixsfsi
 *(.text*)
 .text.HCSR04_Trigger_Update
                0x08000608       0x98 ./Core/Src/hc_sr04.o
                0x08000608                HCSR04_Trigger_Update
 .text.HAL_GPIO_EXTI_Callback
                0x080006a0       0xcc ./Core/Src/hc_sr04.o
                0x080006a0                HAL_GPIO_EXTI_Callback
 .text.HAL_UART_RxCpltCallback
                0x0800076c       0x16 ./Core/Src/main.o
                0x0800076c                HAL_UART_RxCpltCallback
 *fill*         0x08000782        0x2 
 .text.main     0x08000784      0x1d0 ./Core/Src/main.o
                0x08000784                main
 .text.SystemClock_Config
                0x08000954       0x8a ./Core/Src/main.o
                0x08000954                SystemClock_Config
 *fill*         0x080009de        0x2 
 .text.MX_TIM1_Init
                0x080009e0       0xa0 ./Core/Src/main.o
 .text.MX_TIM2_Init
                0x08000a80      0x100 ./Core/Src/main.o
 .text.MX_TIM3_Init
                0x08000b80       0xa8 ./Core/Src/main.o
 .text.MX_TIM4_Init
                0x08000c28       0xa8 ./Core/Src/main.o
 .text.MX_USART1_UART_Init
                0x08000cd0       0x54 ./Core/Src/main.o
 .text.MX_GPIO_Init
                0x08000d24       0xf0 ./Core/Src/main.o
 .text.Error_Handler
                0x08000e14        0xc ./Core/Src/main.o
                0x08000e14                Error_Handler
 .text.Motor_Drive
                0x08000e20       0xc8 ./Core/Src/motor.o
                0x08000e20                Motor_Drive
 .text.PID_Compute
                0x08000ee8      0x126 ./Core/Src/pid.o
                0x08000ee8                PID_Compute
 *fill*         0x0800100e        0x2 
 .text.HAL_MspInit
                0x08001010       0x64 ./Core/Src/stm32f1xx_hal_msp.o
                0x08001010                HAL_MspInit
 .text.HAL_TIM_Base_MspInit
                0x08001074       0x60 ./Core/Src/stm32f1xx_hal_msp.o
                0x08001074                HAL_TIM_Base_MspInit
 .text.HAL_TIM_Encoder_MspInit
                0x080010d4       0xd8 ./Core/Src/stm32f1xx_hal_msp.o
                0x080010d4                HAL_TIM_Encoder_MspInit
 .text.HAL_TIM_MspPostInit
                0x080011ac       0x60 ./Core/Src/stm32f1xx_hal_msp.o
                0x080011ac                HAL_TIM_MspPostInit
 .text.HAL_UART_MspInit
                0x0800120c       0xa8 ./Core/Src/stm32f1xx_hal_msp.o
                0x0800120c                HAL_UART_MspInit
 .text.NMI_Handler
                0x080012b4        0x8 ./Core/Src/stm32f1xx_it.o
                0x080012b4                NMI_Handler
 .text.HardFault_Handler
                0x080012bc        0x8 ./Core/Src/stm32f1xx_it.o
                0x080012bc                HardFault_Handler
 .text.MemManage_Handler
                0x080012c4        0x8 ./Core/Src/stm32f1xx_it.o
                0x080012c4                MemManage_Handler
 .text.BusFault_Handler
                0x080012cc        0x8 ./Core/Src/stm32f1xx_it.o
                0x080012cc                BusFault_Handler
 .text.UsageFault_Handler
                0x080012d4        0x8 ./Core/Src/stm32f1xx_it.o
                0x080012d4                UsageFault_Handler
 .text.SVC_Handler
                0x080012dc        0xc ./Core/Src/stm32f1xx_it.o
                0x080012dc                SVC_Handler
 .text.DebugMon_Handler
                0x080012e8        0xc ./Core/Src/stm32f1xx_it.o
                0x080012e8                DebugMon_Handler
 .text.PendSV_Handler
                0x080012f4        0xc ./Core/Src/stm32f1xx_it.o
                0x080012f4                PendSV_Handler
 .text.SysTick_Handler
                0x08001300        0xc ./Core/Src/stm32f1xx_it.o
                0x08001300                SysTick_Handler
 .text.EXTI9_5_IRQHandler
                0x0800130c       0x10 ./Core/Src/stm32f1xx_it.o
                0x0800130c                EXTI9_5_IRQHandler
 .text.USART1_IRQHandler
                0x0800131c       0x14 ./Core/Src/stm32f1xx_it.o
                0x0800131c                USART1_IRQHandler
 .text.SystemInit
                0x08001330        0xc ./Core/Src/system_stm32f1xx.o
                0x08001330                SystemInit
 .text.UART_Comm_Init
                0x0800133c       0x44 ./Core/Src/uart_comm.o
                0x0800133c                UART_Comm_Init
 .text.UART_Comm_Get_Command
                0x08001380       0x24 ./Core/Src/uart_comm.o
                0x08001380                UART_Comm_Get_Command
 .text.UART_Comm_Send_Sensor_Data
                0x080013a4       0x80 ./Core/Src/uart_comm.o
                0x080013a4                UART_Comm_Send_Sensor_Data
 .text.UART_Comm_Failsafe_Check
                0x08001424       0x38 ./Core/Src/uart_comm.o
                0x08001424                UART_Comm_Failsafe_Check
 .text.UART_Comm_Rx_StateMachine
                0x0800145c      0x140 ./Core/Src/uart_comm.o
                0x0800145c                UART_Comm_Rx_StateMachine
 .text.Reset_Handler
                0x0800159c       0x48 ./Core/Startup/startup_stm32f103c8tx.o
                0x0800159c                Reset_Handler
 .text.Default_Handler
                0x080015e4        0x2 ./Core/Startup/startup_stm32f103c8tx.o
                0x080015e4                RTC_Alarm_IRQHandler
                0x080015e4                EXTI2_IRQHandler
                0x080015e4                TIM1_CC_IRQHandler
                0x080015e4                PVD_IRQHandler
                0x080015e4                EXTI3_IRQHandler
                0x080015e4                EXTI0_IRQHandler
                0x080015e4                I2C2_EV_IRQHandler
                0x080015e4                ADC1_2_IRQHandler
                0x080015e4                SPI1_IRQHandler
                0x080015e4                TAMPER_IRQHandler
                0x080015e4                DMA1_Channel4_IRQHandler
                0x080015e4                USART3_IRQHandler
                0x080015e4                RTC_IRQHandler
                0x080015e4                DMA1_Channel7_IRQHandler
                0x080015e4                CAN1_RX1_IRQHandler
                0x080015e4                TIM4_IRQHandler
                0x080015e4                I2C1_EV_IRQHandler
                0x080015e4                DMA1_Channel6_IRQHandler
                0x080015e4                TIM3_IRQHandler
                0x080015e4                RCC_IRQHandler
                0x080015e4                TIM1_TRG_COM_IRQHandler
                0x080015e4                DMA1_Channel1_IRQHandler
                0x080015e4                Default_Handler
                0x080015e4                EXTI15_10_IRQHandler
                0x080015e4                SPI2_IRQHandler
                0x080015e4                DMA1_Channel5_IRQHandler
                0x080015e4                EXTI4_IRQHandler
                0x080015e4                USB_LP_CAN1_RX0_IRQHandler
                0x080015e4                USB_HP_CAN1_TX_IRQHandler
                0x080015e4                DMA1_Channel3_IRQHandler
                0x080015e4                TIM1_UP_IRQHandler
                0x080015e4                WWDG_IRQHandler
                0x080015e4                TIM2_IRQHandler
                0x080015e4                TIM1_BRK_IRQHandler
                0x080015e4                EXTI1_IRQHandler
                0x080015e4                USART2_IRQHandler
                0x080015e4                I2C2_ER_IRQHandler
                0x080015e4                DMA1_Channel2_IRQHandler
                0x080015e4                CAN1_SCE_IRQHandler
                0x080015e4                FLASH_IRQHandler
                0x080015e4                I2C1_ER_IRQHandler
                0x080015e4                USBWakeUp_IRQHandler
 *fill*         0x080015e6        0x2 
 .text.HAL_Init
                0x080015e8       0x2c ./Drivers/STM32F1xx_HAL_Driver/Src/stm32f1xx_hal.o
                0x080015e8                HAL_Init
 .text.HAL_InitTick
                0x08001614       0x60 ./Drivers/STM32F1xx_HAL_Driver/Src/stm32f1xx_hal.o
                0x08001614                HAL_InitTick
 .text.HAL_IncTick
                0x08001674       0x24 ./Drivers/STM32F1xx_HAL_Driver/Src/stm32f1xx_hal.o
                0x08001674                HAL_IncTick
 .text.HAL_GetTick
                0x08001698       0x14 ./Drivers/STM32F1xx_HAL_Driver/Src/stm32f1xx_hal.o
                0x08001698                HAL_GetTick
 .text.__NVIC_SetPriorityGrouping
                0x080016ac       0x48 ./Drivers/STM32F1xx_HAL_Driver/Src/stm32f1xx_hal_cortex.o
 .text.__NVIC_GetPriorityGrouping
                0x080016f4       0x1c ./Drivers/STM32F1xx_HAL_Driver/Src/stm32f1xx_hal_cortex.o
 .text.__NVIC_EnableIRQ
                0x08001710       0x38 ./Drivers/STM32F1xx_HAL_Driver/Src/stm32f1xx_hal_cortex.o
 .text.__NVIC_SetPriority
                0x08001748       0x54 ./Drivers/STM32F1xx_HAL_Driver/Src/stm32f1xx_hal_cortex.o
 .text.NVIC_EncodePriority
                0x0800179c       0x64 ./Drivers/STM32F1xx_HAL_Driver/Src/stm32f1xx_hal_cortex.o
 .text.SysTick_Config
                0x08001800       0x44 ./Drivers/STM32F1xx_HAL_Driver/Src/stm32f1xx_hal_cortex.o
 .text.HAL_NVIC_SetPriorityGrouping
                0x08001844       0x16 ./Drivers/STM32F1xx_HAL_Driver/Src/stm32f1xx_hal_cortex.o
                0x08001844                HAL_NVIC_SetPriorityGrouping
 .text.HAL_NVIC_SetPriority
                0x0800185a       0x38 ./Drivers/STM32F1xx_HAL_Driver/Src/stm32f1xx_hal_cortex.o
                0x0800185a                HAL_NVIC_SetPriority
 .text.HAL_NVIC_EnableIRQ
                0x08001892       0x1c ./Drivers/STM32F1xx_HAL_Driver/Src/stm32f1xx_hal_cortex.o
                0x08001892                HAL_NVIC_EnableIRQ
 .text.HAL_SYSTICK_Config
                0x080018ae       0x18 ./Drivers/STM32F1xx_HAL_Driver/Src/stm32f1xx_hal_cortex.o
                0x080018ae                HAL_SYSTICK_Config
 .text.HAL_DMA_Abort
                0x080018c6       0x76 ./Drivers/STM32F1xx_HAL_Driver/Src/stm32f1xx_hal_dma.o
                0x080018c6                HAL_DMA_Abort
 .text.HAL_DMA_Abort_IT
                0x0800193c       0xf0 ./Drivers/STM32F1xx_HAL_Driver/Src/stm32f1xx_hal_dma.o
                0x0800193c                HAL_DMA_Abort_IT
 .text.HAL_GPIO_Init
                0x08001a2c      0x308 ./Drivers/STM32F1xx_HAL_Driver/Src/stm32f1xx_hal_gpio.o
                0x08001a2c                HAL_GPIO_Init
 .text.HAL_GPIO_ReadPin
                0x08001d34       0x2e ./Drivers/STM32F1xx_HAL_Driver/Src/stm32f1xx_hal_gpio.o
                0x08001d34                HAL_GPIO_ReadPin
 .text.HAL_GPIO_WritePin
                0x08001d62       0x30 ./Drivers/STM32F1xx_HAL_Driver/Src/stm32f1xx_hal_gpio.o
                0x08001d62                HAL_GPIO_WritePin
 *fill*         0x08001d92        0x2 
 .text.HAL_GPIO_EXTI_IRQHandler
                0x08001d94       0x30 ./Drivers/STM32F1xx_HAL_Driver/Src/stm32f1xx_hal_gpio.o
                0x08001d94                HAL_GPIO_EXTI_IRQHandler
 .text.HAL_RCC_OscConfig
                0x08001dc4      0x504 ./Drivers/STM32F1xx_HAL_Driver/Src/stm32f1xx_hal_rcc.o
                0x08001dc4                HAL_RCC_OscConfig
 .text.HAL_RCC_ClockConfig
                0x080022c8      0x1d4 ./Drivers/STM32F1xx_HAL_Driver/Src/stm32f1xx_hal_rcc.o
                0x080022c8                HAL_RCC_ClockConfig
 .text.HAL_RCC_GetSysClockFreq
                0x0800249c       0xa8 ./Drivers/STM32F1xx_HAL_Driver/Src/stm32f1xx_hal_rcc.o
                0x0800249c                HAL_RCC_GetSysClockFreq
 .text.HAL_RCC_GetHCLKFreq
                0x08002544       0x14 ./Drivers/STM32F1xx_HAL_Driver/Src/stm32f1xx_hal_rcc.o
                0x08002544                HAL_RCC_GetHCLKFreq
 .text.HAL_RCC_GetPCLK1Freq
                0x08002558       0x28 ./Drivers/STM32F1xx_HAL_Driver/Src/stm32f1xx_hal_rcc.o
                0x08002558                HAL_RCC_GetPCLK1Freq
 .text.HAL_RCC_GetPCLK2Freq
                0x08002580       0x28 ./Drivers/STM32F1xx_HAL_Driver/Src/stm32f1xx_hal_rcc.o
                0x08002580                HAL_RCC_GetPCLK2Freq
 .text.RCC_Delay
                0x080025a8       0x3c ./Drivers/STM32F1xx_HAL_Driver/Src/stm32f1xx_hal_rcc.o
 .text.HAL_TIM_Base_Init
                0x080025e4       0x9e ./Drivers/STM32F1xx_HAL_Driver/Src/stm32f1xx_hal_tim.o
                0x080025e4                HAL_TIM_Base_Init
 *fill*         0x08002682        0x2 
 .text.HAL_TIM_Base_Start
                0x08002684       0x94 ./Drivers/STM32F1xx_HAL_Driver/Src/stm32f1xx_hal_tim.o
                0x08002684                HAL_TIM_Base_Start
 .text.HAL_TIM_PWM_Init
                0x08002718       0x9e ./Drivers/STM32F1xx_HAL_Driver/Src/stm32f1xx_hal_tim.o
                0x08002718                HAL_TIM_PWM_Init
 .text.HAL_TIM_PWM_MspInit
                0x080027b6       0x12 ./Drivers/STM32F1xx_HAL_Driver/Src/stm32f1xx_hal_tim.o
                0x080027b6                HAL_TIM_PWM_MspInit
 .text.HAL_TIM_PWM_Start
                0x080027c8      0x144 ./Drivers/STM32F1xx_HAL_Driver/Src/stm32f1xx_hal_tim.o
                0x080027c8                HAL_TIM_PWM_Start
 .text.HAL_TIM_Encoder_Init
                0x0800290c      0x144 ./Drivers/STM32F1xx_HAL_Driver/Src/stm32f1xx_hal_tim.o
                0x0800290c                HAL_TIM_Encoder_Init
 .text.HAL_TIM_Encoder_Start
                0x08002a50      0x11c ./Drivers/STM32F1xx_HAL_Driver/Src/stm32f1xx_hal_tim.o
                0x08002a50                HAL_TIM_Encoder_Start
 .text.HAL_TIM_PWM_ConfigChannel
                0x08002b6c      0x184 ./Drivers/STM32F1xx_HAL_Driver/Src/stm32f1xx_hal_tim.o
                0x08002b6c                HAL_TIM_PWM_ConfigChannel
 .text.HAL_TIM_ConfigClockSource
                0x08002cf0      0x18e ./Drivers/STM32F1xx_HAL_Driver/Src/stm32f1xx_hal_tim.o
                0x08002cf0                HAL_TIM_ConfigClockSource
 *fill*         0x08002e7e        0x2 
 .text.TIM_Base_SetConfig
                0x08002e80       0xdc ./Drivers/STM32F1xx_HAL_Driver/Src/stm32f1xx_hal_tim.o
                0x08002e80                TIM_Base_SetConfig
 .text.TIM_OC1_SetConfig
                0x08002f5c       0xcc ./Drivers/STM32F1xx_HAL_Driver/Src/stm32f1xx_hal_tim.o
 .text.TIM_OC2_SetConfig
                0x08003028       0xd4 ./Drivers/STM32F1xx_HAL_Driver/Src/stm32f1xx_hal_tim.o
                0x08003028                TIM_OC2_SetConfig
 .text.TIM_OC3_SetConfig
                0x080030fc       0xd4 ./Drivers/STM32F1xx_HAL_Driver/Src/stm32f1xx_hal_tim.o
 .text.TIM_OC4_SetConfig
                0x080031d0       0x9c ./Drivers/STM32F1xx_HAL_Driver/Src/stm32f1xx_hal_tim.o
 .text.TIM_TI1_ConfigInputStage
                0x0800326c       0x5c ./Drivers/STM32F1xx_HAL_Driver/Src/stm32f1xx_hal_tim.o
 .text.TIM_TI2_ConfigInputStage
                0x080032c8       0x5e ./Drivers/STM32F1xx_HAL_Driver/Src/stm32f1xx_hal_tim.o
 .text.TIM_ITRx_SetConfig
                0x08003326       0x34 ./Drivers/STM32F1xx_HAL_Driver/Src/stm32f1xx_hal_tim.o
 .text.TIM_ETR_SetConfig
                0x0800335a       0x3e ./Drivers/STM32F1xx_HAL_Driver/Src/stm32f1xx_hal_tim.o
                0x0800335a                TIM_ETR_SetConfig
 .text.TIM_CCxChannelCmd
                0x08003398       0x48 ./Drivers/STM32F1xx_HAL_Driver/Src/stm32f1xx_hal_tim.o
                0x08003398                TIM_CCxChannelCmd
 .text.HAL_TIMEx_MasterConfigSynchronization
                0x080033e0       0xbc ./Drivers/STM32F1xx_HAL_Driver/Src/stm32f1xx_hal_tim_ex.o
                0x080033e0                HAL_TIMEx_MasterConfigSynchronization
 .text.HAL_UART_Init
                0x0800349c       0xa0 ./Drivers/STM32F1xx_HAL_Driver/Src/stm32f1xx_hal_uart.o
                0x0800349c                HAL_UART_Init
 .text.HAL_UART_Transmit_IT
                0x0800353c       0x6a ./Drivers/STM32F1xx_HAL_Driver/Src/stm32f1xx_hal_uart.o
                0x0800353c                HAL_UART_Transmit_IT
 .text.HAL_UART_Receive_IT
                0x080035a6       0x4a ./Drivers/STM32F1xx_HAL_Driver/Src/stm32f1xx_hal_uart.o
                0x080035a6                HAL_UART_Receive_IT
 .text.HAL_UART_IRQHandler
                0x080035f0      0x524 ./Drivers/STM32F1xx_HAL_Driver/Src/stm32f1xx_hal_uart.o
                0x080035f0                HAL_UART_IRQHandler
 .text.HAL_UART_TxCpltCallback
                0x08003b14       0x12 ./Drivers/STM32F1xx_HAL_Driver/Src/stm32f1xx_hal_uart.o
                0x08003b14                HAL_UART_TxCpltCallback
 .text.HAL_UART_ErrorCallback
                0x08003b26       0x12 ./Drivers/STM32F1xx_HAL_Driver/Src/stm32f1xx_hal_uart.o
                0x08003b26                HAL_UART_ErrorCallback
 .text.HAL_UARTEx_RxEventCallback
                0x08003b38       0x16 ./Drivers/STM32F1xx_HAL_Driver/Src/stm32f1xx_hal_uart.o
                0x08003b38                HAL_UARTEx_RxEventCallback
 .text.UART_Start_Receive_IT
                0x08003b4e       0x72 ./Drivers/STM32F1xx_HAL_Driver/Src/stm32f1xx_hal_uart.o
                0x08003b4e                UART_Start_Receive_IT
 .text.UART_EndRxTransfer
                0x08003bc0       0xc4 ./Drivers/STM32F1xx_HAL_Driver/Src/stm32f1xx_hal_uart.o
 .text.UART_DMAAbortOnError
                0x08003c84       0x28 ./Drivers/STM32F1xx_HAL_Driver/Src/stm32f1xx_hal_uart.o
 .text.UART_Transmit_IT
                0x08003cac       0x9e ./Drivers/STM32F1xx_HAL_Driver/Src/stm32f1xx_hal_uart.o
 .text.UART_EndTransmit_IT
                0x08003d4a       0x30 ./Drivers/STM32F1xx_HAL_Driver/Src/stm32f1xx_hal_uart.o
 .text.UART_Receive_IT
                0x08003d7a      0x17c ./Drivers/STM32F1xx_HAL_Driver/Src/stm32f1xx_hal_uart.o
 *fill*         0x08003ef6        0x2 
 .text.UART_SetConfig
                0x08003ef8      0x11c ./Drivers/STM32F1xx_HAL_Driver/Src/stm32f1xx_hal_uart.o
 .text.memset   0x08004014       0x10 C:/ST/STM32CubeIDE_2.1.1/STM32CubeIDE/plugins/com.st.stm32cube.ide.mcu.externaltools.gnu-tools-for-stm32.14.3.rel1.win32_1.0.100.202602081740/tools/bin/../lib/gcc/arm-none-eabi/14.3.1/../../../../arm-none-eabi/lib/thumb/v7-m/nofp\libc_nano.a(libc_a-memset.o)
                0x08004014                memset
 .text.__libc_init_array
                0x08004024       0x48 C:/ST/STM32CubeIDE_2.1.1/STM32CubeIDE/plugins/com.st.stm32cube.ide.mcu.externaltools.gnu-tools-for-stm32.14.3.rel1.win32_1.0.100.202602081740/tools/bin/../lib/gcc/arm-none-eabi/14.3.1/../../../../arm-none-eabi/lib/thumb/v7-m/nofp\libc_nano.a(libc_a-init.o)
                0x08004024                __libc_init_array
 *(.glue_7)
 .glue_7        0x0800406c        0x0 linker stubs
 *(.glue_7t)
 .glue_7t       0x0800406c        0x0 linker stubs
 *(.eh_frame)
 .eh_frame      0x0800406c        0x0 C:/ST/STM32CubeIDE_2.1.1/STM32CubeIDE/plugins/com.st.stm32cube.ide.mcu.externaltools.gnu-tools-for-stm32.14.3.rel1.win32_1.0.100.202602081740/tools/bin/../lib/gcc/arm-none-eabi/14.3.1/thumb/v7-m/nofp/crtbegin.o
 *(.init)
 .init          0x0800406c        0x4 C:/ST/STM32CubeIDE_2.1.1/STM32CubeIDE/plugins/com.st.stm32cube.ide.mcu.externaltools.gnu-tools-for-stm32.14.3.rel1.win32_1.0.100.202602081740/tools/bin/../lib/gcc/arm-none-eabi/14.3.1/thumb/v7-m/nofp/crti.o
                0x0800406c                _init
 .init          0x08004070        0x8 C:/ST/STM32CubeIDE_2.1.1/STM32CubeIDE/plugins/com.st.stm32cube.ide.mcu.externaltools.gnu-tools-for-stm32.14.3.rel1.win32_1.0.100.202602081740/tools/bin/../lib/gcc/arm-none-eabi/14.3.1/thumb/v7-m/nofp/crtn.o
 *(.fini)
 .fini          0x08004078        0x4 C:/ST/STM32CubeIDE_2.1.1/STM32CubeIDE/plugins/com.st.stm32cube.ide.mcu.externaltools.gnu-tools-for-stm32.14.3.rel1.win32_1.0.100.202602081740/tools/bin/../lib/gcc/arm-none-eabi/14.3.1/thumb/v7-m/nofp/crti.o
                0x08004078                _fini
 .fini          0x0800407c        0x8 C:/ST/STM32CubeIDE_2.1.1/STM32CubeIDE/plugins/com.st.stm32cube.ide.mcu.externaltools.gnu-tools-for-stm32.14.3.rel1.win32_1.0.100.202602081740/tools/bin/../lib/gcc/arm-none-eabi/14.3.1/thumb/v7-m/nofp/crtn.o
                0x08004084                        . = ALIGN (0x4)
                0x08004084                        _etext = .

.vfp11_veneer   0x08004084        0x0
 .vfp11_veneer  0x08004084        0x0 linker stubs

.v4_bx          0x08004084        0x0
 .v4_bx         0x08004084        0x0 linker stubs

.iplt           0x08004084        0x0
 .iplt          0x08004084        0x0 C:/ST/STM32CubeIDE_2.1.1/STM32CubeIDE/plugins/com.st.stm32cube.ide.mcu.externaltools.gnu-tools-for-stm32.14.3.rel1.win32_1.0.100.202602081740/tools/bin/../lib/gcc/arm-none-eabi/14.3.1/thumb/v7-m/nofp/crtbegin.o

.rodata         0x08004084       0x34
                0x08004084                        . = ALIGN (0x4)
 *(.rodata)
 .rodata        0x08004084        0x6 ./Core/Src/main.o
 *(.rodata*)
 *fill*         0x0800408a        0x2 
 .rodata.AHBPrescTable
                0x0800408c       0x10 ./Core/Src/system_stm32f1xx.o
                0x0800408c                AHBPrescTable
 .rodata.APBPrescTable
                0x0800409c        0x8 ./Core/Src/system_stm32f1xx.o
                0x0800409c                APBPrescTable
 .rodata.aPLLMULFactorTable.1
                0x080040a4       0x10 ./Drivers/STM32F1xx_HAL_Driver/Src/stm32f1xx_hal_rcc.o
 .rodata.aPredivFactorTable.0
                0x080040b4        0x2 ./Drivers/STM32F1xx_HAL_Driver/Src/stm32f1xx_hal_rcc.o
                0x080040b8                        . = ALIGN (0x4)
 *fill*         0x080040b6        0x2 

.ARM.extab      0x080040b8        0x0
                0x080040b8                        . = ALIGN (0x4)
 *(.ARM.extab* .gnu.linkonce.armextab.*)
                0x080040b8                        . = ALIGN (0x4)

.ARM            0x080040b8        0x0
                0x080040b8                        . = ALIGN (0x4)
                0x080040b8                        __exidx_start = .
 *(.ARM.exidx*)
                0x080040b8                        __exidx_end = .
                0x080040b8                        . = ALIGN (0x4)

.preinit_array  0x080040b8        0x0
                0x080040b8                        . = ALIGN (0x4)
                0x080040b8                        PROVIDE (__preinit_array_start = .)
 *(.preinit_array*)
                0x080040b8                        PROVIDE (__preinit_array_end = .)
                0x080040b8                        . = ALIGN (0x4)

.init_array     0x080040b8        0x4
                0x080040b8                        . = ALIGN (0x4)
                0x080040b8                        PROVIDE (__init_array_start = .)
 *(SORT_BY_NAME(.init_array.*))
 *(.init_array*)
 .init_array    0x080040b8        0x4 C:/ST/STM32CubeIDE_2.1.1/STM32CubeIDE/plugins/com.st.stm32cube.ide.mcu.externaltools.gnu-tools-for-stm32.14.3.rel1.win32_1.0.100.202602081740/tools/bin/../lib/gcc/arm-none-eabi/14.3.1/thumb/v7-m/nofp/crtbegin.o
                0x080040bc                        PROVIDE (__init_array_end = .)
                0x080040bc                        . = ALIGN (0x4)

.fini_array     0x080040bc        0x4
                0x080040bc                        . = ALIGN (0x4)
                [!provide]                        PROVIDE (__fini_array_start = .)
 *(SORT_BY_NAME(.fini_array.*))
 *(.fini_array*)
 .fini_array    0x080040bc        0x4 C:/ST/STM32CubeIDE_2.1.1/STM32CubeIDE/plugins/com.st.stm32cube.ide.mcu.externaltools.gnu-tools-for-stm32.14.3.rel1.win32_1.0.100.202602081740/tools/bin/../lib/gcc/arm-none-eabi/14.3.1/thumb/v7-m/nofp/crtbegin.o
                [!provide]                        PROVIDE (__fini_array_end = .)
                0x080040c0                        . = ALIGN (0x4)
                0x080040c0                        _sidata = LOADADDR (.data)

.rel.dyn        0x080040c0        0x0
 .rel.iplt      0x080040c0        0x0 C:/ST/STM32CubeIDE_2.1.1/STM32CubeIDE/plugins/com.st.stm32cube.ide.mcu.externaltools.gnu-tools-for-stm32.14.3.rel1.win32_1.0.100.202602081740/tools/bin/../lib/gcc/arm-none-eabi/14.3.1/thumb/v7-m/nofp/crtbegin.o

.data           0x20000000       0x54 load address 0x080040c0
                0x20000000                        . = ALIGN (0x4)
                0x20000000                        _sdata = .
 *(.data)
 *(.data*)
 .data.pid_left
                0x20000000       0x20 ./Core/Src/pid.o
                0x20000000                pid_left
 .data.pid_right
                0x20000020       0x20 ./Core/Src/pid.o
                0x20000020                pid_right
 .data.SystemCoreClock
                0x20000040        0x4 ./Core/Src/system_stm32f1xx.o
                0x20000040                SystemCoreClock
 .data.current_command
                0x20000044        0x6 ./Core/Src/uart_comm.o
 *fill*         0x2000004a        0x2 
 .data.uwTickPrio
                0x2000004c        0x4 ./Drivers/STM32F1xx_HAL_Driver/Src/stm32f1xx_hal.o
                0x2000004c                uwTickPrio
 .data.uwTickFreq
                0x20000050        0x1 ./Drivers/STM32F1xx_HAL_Driver/Src/stm32f1xx_hal.o
                0x20000050                uwTickFreq
 *(.RamFunc)
 *(.RamFunc*)
                0x20000054                        . = ALIGN (0x4)
 *fill*         0x20000051        0x3 
                0x20000054                        _edata = .

.igot.plt       0x20000054        0x0 load address 0x08004114
 .igot.plt      0x20000054        0x0 C:/ST/STM32CubeIDE_2.1.1/STM32CubeIDE/plugins/com.st.stm32cube.ide.mcu.externaltools.gnu-tools-for-stm32.14.3.rel1.win32_1.0.100.202602081740/tools/bin/../lib/gcc/arm-none-eabi/14.3.1/thumb/v7-m/nofp/crtbegin.o
                0x20000054                        . = ALIGN (0x4)

.bss            0x20000054      0x1bc load address 0x08004114
                0x20000054                        _sbss = .
                0x20000054                        __bss_start__ = _sbss
 *(.bss)
 .bss           0x20000054       0x1c C:/ST/STM32CubeIDE_2.1.1/STM32CubeIDE/plugins/com.st.stm32cube.ide.mcu.externaltools.gnu-tools-for-stm32.14.3.rel1.win32_1.0.100.202602081740/tools/bin/../lib/gcc/arm-none-eabi/14.3.1/thumb/v7-m/nofp/crtbegin.o
 *(.bss*)
 .bss.hc_distance_cm
                0x20000070        0x4 ./Core/Src/hc_sr04.o
                0x20000070                hc_distance_cm
 .bss.trig_state
                0x20000074        0x1 ./Core/Src/hc_sr04.o
                0x20000074                trig_state
 *fill*         0x20000075        0x1 
 .bss.hc_start_time
                0x20000076        0x2 ./Core/Src/hc_sr04.o
 .bss.hc_end_time
                0x20000078        0x2 ./Core/Src/hc_sr04.o
 .bss.hc_echo_state
                0x2000007a        0x1 ./Core/Src/hc_sr04.o
 *fill*         0x2000007b        0x1 
 .bss.trig_start_tick
                0x2000007c        0x4 ./Core/Src/hc_sr04.o
 .bss.htim1     0x20000080       0x48 ./Core/Src/main.o
                0x20000080                htim1
 .bss.htim2     0x200000c8       0x48 ./Core/Src/main.o
                0x200000c8                htim2
 .bss.htim3     0x20000110       0x48 ./Core/Src/main.o
                0x20000110                htim3
 .bss.htim4     0x20000158       0x48 ./Core/Src/main.o
                0x20000158                htim4
 .bss.huart1    0x200001a0       0x48 ./Core/Src/main.o
                0x200001a0                huart1
 .bss.speed_left_meas
                0x200001e8        0x2 ./Core/Src/main.o
                0x200001e8                speed_left_meas
 .bss.speed_right_meas
                0x200001ea        0x2 ./Core/Src/main.o
                0x200001ea                speed_right_meas
 .bss.target_speed_left
                0x200001ec        0x4 ./Core/Src/main.o
                0x200001ec                target_speed_left
 .bss.target_speed_right
                0x200001f0        0x4 ./Core/Src/main.o
                0x200001f0                target_speed_right
 .bss.last_tick_20ms
                0x200001f4        0x4 ./Core/Src/main.o
                0x200001f4                last_tick_20ms
 .bss.comm_huart
                0x200001f8        0x4 ./Core/Src/uart_comm.o
 .bss.last_valid_rx_time
                0x200001fc        0x4 ./Core/Src/uart_comm.o
 .bss.rx_state  0x20000200        0x1 ./Core/Src/uart_comm.o
 .bss.rx_byte   0x20000201        0x1 ./Core/Src/uart_comm.o
 *fill*         0x20000202        0x2 
 .bss.rx_payload
                0x20000204        0x4 ./Core/Src/uart_comm.o
 .bss.rx_idx    0x20000208        0x1 ./Core/Src/uart_comm.o
 *fill*         0x20000209        0x3 
 .bss.uwTick    0x2000020c        0x4 ./Drivers/STM32F1xx_HAL_Driver/Src/stm32f1xx_hal.o
                0x2000020c                uwTick
 *(COMMON)
                0x20000210                        . = ALIGN (0x4)
                0x20000210                        _ebss = .
                0x20000210                        __bss_end__ = _ebss

._user_heap_stack
                0x20000210      0x600 load address 0x08004114
                0x20000210                        . = ALIGN (0x8)
                [!provide]                        PROVIDE (end = .)
                0x20000210                        PROVIDE (_end = .)
                0x20000410                        . = (. + _Min_Heap_Size)
 *fill*         0x20000210      0x200 
                0x20000810                        . = (. + _Min_Stack_Size)
 *fill*         0x20000410      0x400 
                0x20000810                        . = ALIGN (0x8)

/DISCARD/
 libc.a(*)
 libm.a(*)
 libgcc.a(*)

.ARM.attributes
                0x00000000       0x29
 *(.ARM.attributes)
 .ARM.attributes
                0x00000000       0x1d C:/ST/STM32CubeIDE_2.1.1/STM32CubeIDE/plugins/com.st.stm32cube.ide.mcu.externaltools.gnu-tools-for-stm32.14.3.rel1.win32_1.0.100.202602081740/tools/bin/../lib/gcc/arm-none-eabi/14.3.1/thumb/v7-m/nofp/crti.o
 .ARM.attributes
                0x0000001d       0x2d C:/ST/STM32CubeIDE_2.1.1/STM32CubeIDE/plugins/com.st.stm32cube.ide.mcu.externaltools.gnu-tools-for-stm32.14.3.rel1.win32_1.0.100.202602081740/tools/bin/../lib/gcc/arm-none-eabi/14.3.1/thumb/v7-m/nofp/crtbegin.o
 .ARM.attributes
                0x0000004a       0x2d ./Core/Src/hc_sr04.o
 .ARM.attributes
                0x00000077       0x2d ./Core/Src/main.o
 .ARM.attributes
                0x000000a4       0x2d ./Core/Src/motor.o
 .ARM.attributes
                0x000000d1       0x2d ./Core/Src/pid.o
 .ARM.attributes
                0x000000fe       0x2d ./Core/Src/stm32f1xx_hal_msp.o
 .ARM.attributes
                0x0000012b       0x2d ./Core/Src/stm32f1xx_it.o
 .ARM.attributes
                0x00000158       0x2d ./Core/Src/system_stm32f1xx.o
 .ARM.attributes
                0x00000185       0x2d ./Core/Src/uart_comm.o
 .ARM.attributes
                0x000001b2       0x21 ./Core/Startup/startup_stm32f103c8tx.o
 .ARM.attributes
                0x000001d3       0x2d ./Drivers/STM32F1xx_HAL_Driver/Src/stm32f1xx_hal.o
 .ARM.attributes
                0x00000200       0x2d ./Drivers/STM32F1xx_HAL_Driver/Src/stm32f1xx_hal_cortex.o
 .ARM.attributes
                0x0000022d       0x2d ./Drivers/STM32F1xx_HAL_Driver/Src/stm32f1xx_hal_dma.o
 .ARM.attributes
                0x0000025a       0x2d ./Drivers/STM32F1xx_HAL_Driver/Src/stm32f1xx_hal_gpio.o
 .ARM.attributes
                0x00000287       0x2d ./Drivers/STM32F1xx_HAL_Driver/Src/stm32f1xx_hal_rcc.o
 .ARM.attributes
                0x000002b4       0x2d ./Drivers/STM32F1xx_HAL_Driver/Src/stm32f1xx_hal_tim.o
 .ARM.attributes
                0x000002e1       0x2d ./Drivers/STM32F1xx_HAL_Driver/Src/stm32f1xx_hal_tim_ex.o
 .ARM.attributes
                0x0000030e       0x2d ./Drivers/STM32F1xx_HAL_Driver/Src/stm32f1xx_hal_uart.o
 .ARM.attributes
                0x0000033b       0x2d C:/ST/STM32CubeIDE_2.1.1/STM32CubeIDE/plugins/com.st.stm32cube.ide.mcu.externaltools.gnu-tools-for-stm32.14.3.rel1.win32_1.0.100.202602081740/tools/bin/../lib/gcc/arm-none-eabi/14.3.1/../../../../arm-none-eabi/lib/thumb/v7-m/nofp\libc_nano.a(libc_a-memset.o)
 .ARM.attributes
                0x00000368       0x2d C:/ST/STM32CubeIDE_2.1.1/STM32CubeIDE/plugins/com.st.stm32cube.ide.mcu.externaltools.gnu-tools-for-stm32.14.3.rel1.win32_1.0.100.202602081740/tools/bin/../lib/gcc/arm-none-eabi/14.3.1/../../../../arm-none-eabi/lib/thumb/v7-m/nofp\libc_nano.a(libc_a-init.o)
 .ARM.attributes
                0x00000395       0x1d C:/ST/STM32CubeIDE_2.1.1/STM32CubeIDE/plugins/com.st.stm32cube.ide.mcu.externaltools.gnu-tools-for-stm32.14.3.rel1.win32_1.0.100.202602081740/tools/bin/../lib/gcc/arm-none-eabi/14.3.1/thumb/v7-m/nofp\libgcc.a(_arm_mulsf3.o)
 .ARM.attributes
                0x000003b2       0x1d C:/ST/STM32CubeIDE_2.1.1/STM32CubeIDE/plugins/com.st.stm32cube.ide.mcu.externaltools.gnu-tools-for-stm32.14.3.rel1.win32_1.0.100.202602081740/tools/bin/../lib/gcc/arm-none-eabi/14.3.1/thumb/v7-m/nofp\libgcc.a(_arm_addsubsf3.o)
 .ARM.attributes
                0x000003cf       0x1d C:/ST/STM32CubeIDE_2.1.1/STM32CubeIDE/plugins/com.st.stm32cube.ide.mcu.externaltools.gnu-tools-for-stm32.14.3.rel1.win32_1.0.100.202602081740/tools/bin/../lib/gcc/arm-none-eabi/14.3.1/thumb/v7-m/nofp\libgcc.a(_arm_cmpsf2.o)
 .ARM.attributes
                0x000003ec       0x1d C:/ST/STM32CubeIDE_2.1.1/STM32CubeIDE/plugins/com.st.stm32cube.ide.mcu.externaltools.gnu-tools-for-stm32.14.3.rel1.win32_1.0.100.202602081740/tools/bin/../lib/gcc/arm-none-eabi/14.3.1/thumb/v7-m/nofp\libgcc.a(_arm_fixsfsi.o)
 .ARM.attributes
                0x00000409       0x1d C:/ST/STM32CubeIDE_2.1.1/STM32CubeIDE/plugins/com.st.stm32cube.ide.mcu.externaltools.gnu-tools-for-stm32.14.3.rel1.win32_1.0.100.202602081740/tools/bin/../lib/gcc/arm-none-eabi/14.3.1/thumb/v7-m/nofp/crtn.o
OUTPUT(line_detection_stm32_pi5.elf elf32-littlearm)
LOAD linker stubs
LOAD C:/ST/STM32CubeIDE_2.1.1/STM32CubeIDE/plugins/com.st.stm32cube.ide.mcu.externaltools.gnu-tools-for-stm32.14.3.rel1.win32_1.0.100.202602081740/tools/bin/../lib/gcc/arm-none-eabi/14.3.1/../../../../arm-none-eabi/lib/thumb/v7-m/nofp\libc.a
LOAD C:/ST/STM32CubeIDE_2.1.1/STM32CubeIDE/plugins/com.st.stm32cube.ide.mcu.externaltools.gnu-tools-for-stm32.14.3.rel1.win32_1.0.100.202602081740/tools/bin/../lib/gcc/arm-none-eabi/14.3.1/../../../../arm-none-eabi/lib/thumb/v7-m/nofp\libm.a
LOAD C:/ST/STM32CubeIDE_2.1.1/STM32CubeIDE/plugins/com.st.stm32cube.ide.mcu.externaltools.gnu-tools-for-stm32.14.3.rel1.win32_1.0.100.202602081740/tools/bin/../lib/gcc/arm-none-eabi/14.3.1/thumb/v7-m/nofp\libgcc.a

.debug_info     0x00000000     0xd663
 .debug_info    0x00000000      0x7e2 ./Core/Src/hc_sr04.o
 .debug_info    0x000007e2     0x14c9 ./Core/Src/main.o
 .debug_info    0x00001cab      0x703 ./Core/Src/motor.o
 .debug_info    0x000023ae      0x173 ./Core/Src/pid.o
 .debug_info    0x00002521      0xe59 ./Core/Src/stm32f1xx_hal_msp.o
 .debug_info    0x0000337a      0x60d ./Core/Src/stm32f1xx_it.o
 .debug_info    0x00003987      0x222 ./Core/Src/system_stm32f1xx.o
 .debug_info    0x00003ba9      0x7cc ./Core/Src/uart_comm.o
 .debug_info    0x00004375       0x30 ./Core/Startup/startup_stm32f103c8tx.o
 .debug_info    0x000043a5      0x704 ./Drivers/STM32F1xx_HAL_Driver/Src/stm32f1xx_hal.o
 .debug_info    0x00004aa9      0xa87 ./Drivers/STM32F1xx_HAL_Driver/Src/stm32f1xx_hal_cortex.o
 .debug_info    0x00005530      0x6d2 ./Drivers/STM32F1xx_HAL_Driver/Src/stm32f1xx_hal_dma.o
 .debug_info    0x00005c02      0x5ab ./Drivers/STM32F1xx_HAL_Driver/Src/stm32f1xx_hal_gpio.o
 .debug_info    0x000061ad      0x7d5 ./Drivers/STM32F1xx_HAL_Driver/Src/stm32f1xx_hal_rcc.o
 .debug_info    0x00006982     0x2959 ./Drivers/STM32F1xx_HAL_Driver/Src/stm32f1xx_hal_tim.o
 .debug_info    0x000092db     0x149b ./Drivers/STM32F1xx_HAL_Driver/Src/stm32f1xx_hal_tim_ex.o
 .debug_info    0x0000a776     0x2eed ./Drivers/STM32F1xx_HAL_Driver/Src/stm32f1xx_hal_uart.o

.debug_abbrev   0x00000000     0x21cf
 .debug_abbrev  0x00000000      0x1cf ./Core/Src/hc_sr04.o
 .debug_abbrev  0x000001cf      0x30d ./Core/Src/main.o
 .debug_abbrev  0x000004dc      0x18d ./Core/Src/motor.o
 .debug_abbrev  0x00000669       0xf3 ./Core/Src/pid.o
 .debug_abbrev  0x0000075c      0x23b ./Core/Src/stm32f1xx_hal_msp.o
 .debug_abbrev  0x00000997      0x18b ./Core/Src/stm32f1xx_it.o
 .debug_abbrev  0x00000b22      0x13f ./Core/Src/system_stm32f1xx.o
 .debug_abbrev  0x00000c61      0x1d8 ./Core/Src/uart_comm.o
 .debug_abbrev  0x00000e39       0x24 ./Core/Startup/startup_stm32f103c8tx.o
 .debug_abbrev  0x00000e5d      0x201 ./Drivers/STM32F1xx_HAL_Driver/Src/stm32f1xx_hal.o
 .debug_abbrev  0x0000105e      0x2f8 ./Drivers/STM32F1xx_HAL_Driver/Src/stm32f1xx_hal_cortex.o
 .debug_abbrev  0x00001356      0x20b ./Drivers/STM32F1xx_HAL_Driver/Src/stm32f1xx_hal_dma.o
 .debug_abbrev  0x00001561      0x1ca ./Drivers/STM32F1xx_HAL_Driver/Src/stm32f1xx_hal_gpio.o
 .debug_abbrev  0x0000172b      0x2b3 ./Drivers/STM32F1xx_HAL_Driver/Src/stm32f1xx_hal_rcc.o
 .debug_abbrev  0x000019de      0x277 ./Drivers/STM32F1xx_HAL_Driver/Src/stm32f1xx_hal_tim.o
 .debug_abbrev  0x00001c55      0x282 ./Drivers/STM32F1xx_HAL_Driver/Src/stm32f1xx_hal_tim_ex.o
 .debug_abbrev  0x00001ed7      0x2f8 ./Drivers/STM32F1xx_HAL_Driver/Src/stm32f1xx_hal_uart.o

.debug_aranges  0x00000000      0xcb8
 .debug_aranges
                0x00000000       0x28 ./Core/Src/hc_sr04.o
 .debug_aranges
                0x00000028       0x68 ./Core/Src/main.o
 .debug_aranges
                0x00000090       0x28 ./Core/Src/motor.o
 .debug_aranges
                0x000000b8       0x20 ./Core/Src/pid.o
 .debug_aranges
                0x000000d8       0x58 ./Core/Src/stm32f1xx_hal_msp.o
 .debug_aranges
                0x00000130       0x70 ./Core/Src/stm32f1xx_it.o
 .debug_aranges
                0x000001a0       0x28 ./Core/Src/system_stm32f1xx.o
 .debug_aranges
                0x000001c8       0x40 ./Core/Src/uart_comm.o
 .debug_aranges
                0x00000208       0x28 ./Core/Startup/startup_stm32f103c8tx.o
 .debug_aranges
                0x00000230       0xe0 ./Drivers/STM32F1xx_HAL_Driver/Src/stm32f1xx_hal.o
 .debug_aranges
                0x00000310      0x100 ./Drivers/STM32F1xx_HAL_Driver/Src/stm32f1xx_hal_cortex.o
 .debug_aranges
                0x00000410       0x80 ./Drivers/STM32F1xx_HAL_Driver/Src/stm32f1xx_hal_dma.o
 .debug_aranges
                0x00000490       0x58 ./Drivers/STM32F1xx_HAL_Driver/Src/stm32f1xx_hal_gpio.o
 .debug_aranges
                0x000004e8       0x90 ./Drivers/STM32F1xx_HAL_Driver/Src/stm32f1xx_hal_rcc.o
 .debug_aranges
                0x00000578      0x3d0 ./Drivers/STM32F1xx_HAL_Driver/Src/stm32f1xx_hal_tim.o
 .debug_aranges
                0x00000948      0x168 ./Drivers/STM32F1xx_HAL_Driver/Src/stm32f1xx_hal_tim_ex.o
 .debug_aranges
                0x00000ab0      0x208 ./Drivers/STM32F1xx_HAL_Driver/Src/stm32f1xx_hal_uart.o

.debug_rnglists
                0x00000000      0x9fb
 .debug_rnglists
                0x00000000       0x1b ./Core/Src/hc_sr04.o
 .debug_rnglists
                0x0000001b       0x50 ./Core/Src/main.o
 .debug_rnglists
                0x0000006b       0x1a ./Core/Src/motor.o
 .debug_rnglists
                0x00000085       0x14 ./Core/Src/pid.o
 .debug_rnglists
                0x00000099       0x3f ./Core/Src/stm32f1xx_hal_msp.o
 .debug_rnglists
                0x000000d8       0x4f ./Core/Src/stm32f1xx_it.o
 .debug_rnglists
                0x00000127       0x1a ./Core/Src/system_stm32f1xx.o
 .debug_rnglists
                0x00000141       0x39 ./Core/Src/uart_comm.o
 .debug_rnglists
                0x0000017a       0x19 ./Core/Startup/startup_stm32f103c8tx.o
 .debug_rnglists
                0x00000193       0xa3 ./Drivers/STM32F1xx_HAL_Driver/Src/stm32f1xx_hal.o
 .debug_rnglists
                0x00000236       0xbb ./Drivers/STM32F1xx_HAL_Driver/Src/stm32f1xx_hal_cortex.o
 .debug_rnglists
                0x000002f1       0x64 ./Drivers/STM32F1xx_HAL_Driver/Src/stm32f1xx_hal_dma.o
 .debug_rnglists
                0x00000355       0x3f ./Drivers/STM32F1xx_HAL_Driver/Src/stm32f1xx_hal_gpio.o
 .debug_rnglists
                0x00000394       0x6c ./Drivers/STM32F1xx_HAL_Driver/Src/stm32f1xx_hal_rcc.o
 .debug_rnglists
                0x00000400      0x31a ./Drivers/STM32F1xx_HAL_Driver/Src/stm32f1xx_hal_tim.o
 .debug_rnglists
                0x0000071a      0x125 ./Drivers/STM32F1xx_HAL_Driver/Src/stm32f1xx_hal_tim_ex.o
 .debug_rnglists
                0x0000083f      0x1bc ./Drivers/STM32F1xx_HAL_Driver/Src/stm32f1xx_hal_uart.o

.debug_macro    0x00000000    0x17326
 .debug_macro   0x00000000      0x1b2 ./Core/Src/hc_sr04.o
 .debug_macro   0x000001b2      0xacc ./Core/Src/hc_sr04.o
 .debug_macro   0x00000c7e      0x21b ./Core/Src/hc_sr04.o
 .debug_macro   0x00000e99       0x2e ./Core/Src/hc_sr04.o
 .debug_macro   0x00000ec7       0x22 ./Core/Src/hc_sr04.o
 .debug_macro   0x00000ee9       0x22 ./Core/Src/hc_sr04.o
 .debug_macro   0x00000f0b       0x8e ./Core/Src/hc_sr04.o
 .debug_macro   0x00000f99       0x51 ./Core/Src/hc_sr04.o
 .debug_macro   0x00000fea      0x103 ./Core/Src/hc_sr04.o
 .debug_macro   0x000010ed       0x6a ./Core/Src/hc_sr04.o
 .debug_macro   0x00001157      0x1df ./Core/Src/hc_sr04.o
 .debug_macro   0x00001336       0x1c ./Core/Src/hc_sr04.o
 .debug_macro   0x00001352       0x22 ./Core/Src/hc_sr04.o
 .debug_macro   0x00001374       0xbd ./Core/Src/hc_sr04.o
 .debug_macro   0x00001431      0xd23 ./Core/Src/hc_sr04.o
 .debug_macro   0x00002154     0xe09e ./Core/Src/hc_sr04.o
 .debug_macro   0x000101f2       0x6d ./Core/Src/hc_sr04.o
 .debug_macro   0x0001025f     0x34a2 ./Core/Src/hc_sr04.o
 .debug_macro   0x00013701      0x190 ./Core/Src/hc_sr04.o
 .debug_macro   0x00013891       0x5c ./Core/Src/hc_sr04.o
 .debug_macro   0x000138ed      0x5bc ./Core/Src/hc_sr04.o
 .debug_macro   0x00013ea9      0x289 ./Core/Src/hc_sr04.o
 .debug_macro   0x00014132      0x1cb ./Core/Src/hc_sr04.o
 .debug_macro   0x000142fd      0x114 ./Core/Src/hc_sr04.o
 .debug_macro   0x00014411      0x1b2 ./Core/Src/hc_sr04.o
 .debug_macro   0x000145c3       0x27 ./Core/Src/hc_sr04.o
 .debug_macro   0x000145ea      0x136 ./Core/Src/hc_sr04.o
 .debug_macro   0x00014720      0x1bc ./Core/Src/hc_sr04.o
 .debug_macro   0x000148dc       0x34 ./Core/Src/hc_sr04.o
 .debug_macro   0x00014910       0x3c ./Core/Src/hc_sr04.o
 .debug_macro   0x0001494c       0x57 ./Core/Src/hc_sr04.o
 .debug_macro   0x000149a3       0x87 ./Core/Src/hc_sr04.o
 .debug_macro   0x00014a2a      0x240 ./Core/Src/hc_sr04.o
 .debug_macro   0x00014c6a      0x140 ./Core/Src/hc_sr04.o
 .debug_macro   0x00014daa      0x8ed ./Core/Src/hc_sr04.o
 .debug_macro   0x00015697      0x28e ./Core/Src/hc_sr04.o
 .debug_macro   0x00015925       0x83 ./Core/Src/hc_sr04.o
 .debug_macro   0x000159a8       0x16 ./Core/Src/hc_sr04.o
 .debug_macro   0x000159be      0x1e1 ./Core/Src/main.o
 .debug_macro   0x00015b9f       0x52 ./Core/Src/main.o
 .debug_macro   0x00015bf1       0x22 ./Core/Src/main.o
 .debug_macro   0x00015c13       0x2e ./Core/Src/main.o
 .debug_macro   0x00015c41       0x1c ./Core/Src/main.o
 .debug_macro   0x00015c5d      0x1b2 ./Core/Src/motor.o
 .debug_macro   0x00015e0f       0x28 ./Core/Src/motor.o
 .debug_macro   0x00015e37       0x6d ./Core/Src/pid.o
 .debug_macro   0x00015ea4      0x1b2 ./Core/Src/stm32f1xx_hal_msp.o
 .debug_macro   0x00016056      0x1bc ./Core/Src/stm32f1xx_it.o
 .debug_macro   0x00016212      0x1a3 ./Core/Src/system_stm32f1xx.o
 .debug_macro   0x000163b5      0x1b6 ./Core/Src/uart_comm.o
 .debug_macro   0x0001656b      0x1c7 ./Drivers/STM32F1xx_HAL_Driver/Src/stm32f1xx_hal.o
 .debug_macro   0x00016732      0x1a3 ./Drivers/STM32F1xx_HAL_Driver/Src/stm32f1xx_hal_cortex.o
 .debug_macro   0x000168d5      0x1a3 ./Drivers/STM32F1xx_HAL_Driver/Src/stm32f1xx_hal_dma.o
 .debug_macro   0x00016a78      0x20e ./Drivers/STM32F1xx_HAL_Driver/Src/stm32f1xx_hal_gpio.o
 .debug_macro   0x00016c86      0x1b5 ./Drivers/STM32F1xx_HAL_Driver/Src/stm32f1xx_hal_rcc.o
 .debug_macro   0x00016e3b      0x1a4 ./Drivers/STM32F1xx_HAL_Driver/Src/stm32f1xx_hal_tim.o
 .debug_macro   0x00016fdf      0x1a3 ./Drivers/STM32F1xx_HAL_Driver/Src/stm32f1xx_hal_tim_ex.o
 .debug_macro   0x00017182      0x1a4 ./Drivers/STM32F1xx_HAL_Driver/Src/stm32f1xx_hal_uart.o

.debug_line     0x00000000     0xebf6
 .debug_line    0x00000000      0x7a0 ./Core/Src/hc_sr04.o
 .debug_line    0x000007a0      0xaa1 ./Core/Src/main.o
 .debug_line    0x00001241      0x73d ./Core/Src/motor.o
 .debug_line    0x0000197e      0x495 ./Core/Src/pid.o
 .debug_line    0x00001e13      0x84e ./Core/Src/stm32f1xx_hal_msp.o
 .debug_line    0x00002661      0x7df ./Core/Src/stm32f1xx_it.o
 .debug_line    0x00002e40      0x77f ./Core/Src/system_stm32f1xx.o
 .debug_line    0x000035bf      0x881 ./Core/Src/uart_comm.o
 .debug_line    0x00003e40       0x78 ./Core/Startup/startup_stm32f103c8tx.o
 .debug_line    0x00003eb8      0x9b3 ./Drivers/STM32F1xx_HAL_Driver/Src/stm32f1xx_hal.o
 .debug_line    0x0000486b      0xb7a ./Drivers/STM32F1xx_HAL_Driver/Src/stm32f1xx_hal_cortex.o
 .debug_line    0x000053e5      0xdba ./Drivers/STM32F1xx_HAL_Driver/Src/stm32f1xx_hal_dma.o
 .debug_line    0x0000619f      0xa0a ./Drivers/STM32F1xx_HAL_Driver/Src/stm32f1xx_hal_gpio.o
 .debug_line    0x00006ba9      0xe69 ./Drivers/STM32F1xx_HAL_Driver/Src/stm32f1xx_hal_rcc.o
 .debug_line    0x00007a12     0x34a4 ./Drivers/STM32F1xx_HAL_Driver/Src/stm32f1xx_hal_tim.o
 .debug_line    0x0000aeb6     0x1874 ./Drivers/STM32F1xx_HAL_Driver/Src/stm32f1xx_hal_tim_ex.o
 .debug_line    0x0000c72a     0x24cc ./Drivers/STM32F1xx_HAL_Driver/Src/stm32f1xx_hal_uart.o

.debug_str      0x00000000    0x86ec4
 .debug_str     0x00000000    0x86ec4 ./Core/Src/hc_sr04.o
                              0x83d06 (size before relaxing)
 .debug_str     0x00086ec4    0x84ac4 ./Core/Src/main.o
 .debug_str     0x00086ec4    0x83cae ./Core/Src/motor.o
 .debug_str     0x00086ec4     0x3dd3 ./Core/Src/pid.o
 .debug_str     0x00086ec4    0x84386 ./Core/Src/stm32f1xx_hal_msp.o
 .debug_str     0x00086ec4    0x83cf7 ./Core/Src/stm32f1xx_it.o
 .debug_str     0x00086ec4    0x83794 ./Core/Src/system_stm32f1xx.o
 .debug_str     0x00086ec4    0x83d5a ./Core/Src/uart_comm.o
 .debug_str     0x00086ec4       0x75 ./Core/Startup/startup_stm32f103c8tx.o
 .debug_str     0x00086ec4    0x83ec7 ./Drivers/STM32F1xx_HAL_Driver/Src/stm32f1xx_hal.o
 .debug_str     0x00086ec4    0x83e13 ./Drivers/STM32F1xx_HAL_Driver/Src/stm32f1xx_hal_cortex.o
 .debug_str     0x00086ec4    0x83b3d ./Drivers/STM32F1xx_HAL_Driver/Src/stm32f1xx_hal_dma.o
 .debug_str     0x00086ec4    0x83b1a ./Drivers/STM32F1xx_HAL_Driver/Src/stm32f1xx_hal_gpio.o
 .debug_str     0x00086ec4    0x83bc3 ./Drivers/STM32F1xx_HAL_Driver/Src/stm32f1xx_hal_rcc.o
 .debug_str     0x00086ec4    0x84bc5 ./Drivers/STM32F1xx_HAL_Driver/Src/stm32f1xx_hal_tim.o
 .debug_str     0x00086ec4    0x843d1 ./Drivers/STM32F1xx_HAL_Driver/Src/stm32f1xx_hal_tim_ex.o
 .debug_str     0x00086ec4    0x84234 ./Drivers/STM32F1xx_HAL_Driver/Src/stm32f1xx_hal_uart.o

.comment        0x00000000       0x43
 .comment       0x00000000       0x43 ./Core/Src/hc_sr04.o
                                 0x44 (size before relaxing)
 .comment       0x00000043       0x44 ./Core/Src/main.o
 .comment       0x00000043       0x44 ./Core/Src/motor.o
 .comment       0x00000043       0x44 ./Core/Src/pid.o
 .comment       0x00000043       0x44 ./Core/Src/stm32f1xx_hal_msp.o
 .comment       0x00000043       0x44 ./Core/Src/stm32f1xx_it.o
 .comment       0x00000043       0x44 ./Core/Src/system_stm32f1xx.o
 .comment       0x00000043       0x44 ./Core/Src/uart_comm.o
 .comment       0x00000043       0x44 ./Drivers/STM32F1xx_HAL_Driver/Src/stm32f1xx_hal.o
 .comment       0x00000043       0x44 ./Drivers/STM32F1xx_HAL_Driver/Src/stm32f1xx_hal_cortex.o
 .comment       0x00000043       0x44 ./Drivers/STM32F1xx_HAL_Driver/Src/stm32f1xx_hal_dma.o
 .comment       0x00000043       0x44 ./Drivers/STM32F1xx_HAL_Driver/Src/stm32f1xx_hal_gpio.o
 .comment       0x00000043       0x44 ./Drivers/STM32F1xx_HAL_Driver/Src/stm32f1xx_hal_rcc.o
 .comment       0x00000043       0x44 ./Drivers/STM32F1xx_HAL_Driver/Src/stm32f1xx_hal_tim.o
 .comment       0x00000043       0x44 ./Drivers/STM32F1xx_HAL_Driver/Src/stm32f1xx_hal_tim_ex.o
 .comment       0x00000043       0x44 ./Drivers/STM32F1xx_HAL_Driver/Src/stm32f1xx_hal_uart.o

.debug_frame    0x00000000     0x32fc
 .debug_frame   0x00000000       0x58 ./Core/Src/hc_sr04.o
 .debug_frame   0x00000058      0x160 ./Core/Src/main.o
 .debug_frame   0x000001b8       0x50 ./Core/Src/motor.o
 .debug_frame   0x00000208       0x38 ./Core/Src/pid.o
 .debug_frame   0x00000240      0x130 ./Core/Src/stm32f1xx_hal_msp.o
 .debug_frame   0x00000370      0x130 ./Core/Src/stm32f1xx_it.o
 .debug_frame   0x000004a0       0x50 ./Core/Src/system_stm32f1xx.o
 .debug_frame   0x000004f0       0xbc ./Core/Src/uart_comm.o
 .debug_frame   0x000005ac      0x2e4 ./Drivers/STM32F1xx_HAL_Driver/Src/stm32f1xx_hal.o
 .debug_frame   0x00000890      0x3f0 ./Drivers/STM32F1xx_HAL_Driver/Src/stm32f1xx_hal_cortex.o
 .debug_frame   0x00000c80      0x1e8 ./Drivers/STM32F1xx_HAL_Driver/Src/stm32f1xx_hal_dma.o
 .debug_frame   0x00000e68      0x130 ./Drivers/STM32F1xx_HAL_Driver/Src/stm32f1xx_hal_gpio.o
 .debug_frame   0x00000f98      0x1f8 ./Drivers/STM32F1xx_HAL_Driver/Src/stm32f1xx_hal_rcc.o
 .debug_frame   0x00001190     0x10e8 ./Drivers/STM32F1xx_HAL_Driver/Src/stm32f1xx_hal_tim.o
 .debug_frame   0x00002278      0x600 ./Drivers/STM32F1xx_HAL_Driver/Src/stm32f1xx_hal_tim_ex.o
 .debug_frame   0x00002878      0x8dc ./Drivers/STM32F1xx_HAL_Driver/Src/stm32f1xx_hal_uart.o
 .debug_frame   0x00003154       0x20 C:/ST/STM32CubeIDE_2.1.1/STM32CubeIDE/plugins/com.st.stm32cube.ide.mcu.externaltools.gnu-tools-for-stm32.14.3.rel1.win32_1.0.100.202602081740/tools/bin/../lib/gcc/arm-none-eabi/14.3.1/../../../../arm-none-eabi/lib/thumb/v7-m/nofp\libc_nano.a(libc_a-memset.o)
 .debug_frame   0x00003174       0x2c C:/ST/STM32CubeIDE_2.1.1/STM32CubeIDE/plugins/com.st.stm32cube.ide.mcu.externaltools.gnu-tools-for-stm32.14.3.rel1.win32_1.0.100.202602081740/tools/bin/../lib/gcc/arm-none-eabi/14.3.1/../../../../arm-none-eabi/lib/thumb/v7-m/nofp\libc_nano.a(libc_a-init.o)
 .debug_frame   0x000031a0       0x24 C:/ST/STM32CubeIDE_2.1.1/STM32CubeIDE/plugins/com.st.stm32cube.ide.mcu.externaltools.gnu-tools-for-stm32.14.3.rel1.win32_1.0.100.202602081740/tools/bin/../lib/gcc/arm-none-eabi/14.3.1/thumb/v7-m/nofp\libgcc.a(_arm_mulsf3.o)
 .debug_frame   0x000031c4       0x4c C:/ST/STM32CubeIDE_2.1.1/STM32CubeIDE/plugins/com.st.stm32cube.ide.mcu.externaltools.gnu-tools-for-stm32.14.3.rel1.win32_1.0.100.202602081740/tools/bin/../lib/gcc/arm-none-eabi/14.3.1/thumb/v7-m/nofp\libgcc.a(_arm_addsubsf3.o)
 .debug_frame   0x00003210       0xc8 C:/ST/STM32CubeIDE_2.1.1/STM32CubeIDE/plugins/com.st.stm32cube.ide.mcu.externaltools.gnu-tools-for-stm32.14.3.rel1.win32_1.0.100.202602081740/tools/bin/../lib/gcc/arm-none-eabi/14.3.1/thumb/v7-m/nofp\libgcc.a(_arm_cmpsf2.o)
 .debug_frame   0x000032d8       0x24 C:/ST/STM32CubeIDE_2.1.1/STM32CubeIDE/plugins/com.st.stm32cube.ide.mcu.externaltools.gnu-tools-for-stm32.14.3.rel1.win32_1.0.100.202602081740/tools/bin/../lib/gcc/arm-none-eabi/14.3.1/thumb/v7-m/nofp\libgcc.a(_arm_fixsfsi.o)

.debug_line_str
                0x00000000       0x59
 .debug_line_str
                0x00000000       0x59 ./Core/Startup/startup_stm32f103c8tx.o
