../Core/Src/main.c:89:5:main	40	static
../Core/Src/main.c:190:6:SystemClock_Config	72	static
../Core/Src/main.c:230:13:MX_TIM2_Init	64	static
../Core/Src/main.c:293:13:MX_TIM3_Init	56	static
../Core/Src/main.c:342:13:MX_TIM4_Init	80	static
../Core/Src/main.c:418:13:MX_USART1_UART_Init	8	static
../Core/Src/main.c:449:13:MX_DMA_Init	16	static
../Core/Src/main.c:467:13:MX_GPIO_Init	40	static
../Core/Src/main.c:499:6:HAL_TIM_IC_CaptureCallback	16	static
../Core/Src/main.c:512:6:Error_Handler	4	static,ignoring_inline_asm
