../Core/Src/main.c:96:5:main	40	static
../Core/Src/main.c:186:6:SystemClock_Config	72	static
../Core/Src/main.c:226:13:MX_TIM1_Init	32	static
../Core/Src/main.c:272:13:MX_TIM2_Init	64	static
../Core/Src/main.c:335:13:MX_TIM3_Init	56	static
../Core/Src/main.c:384:13:MX_TIM4_Init	80	static
../Core/Src/main.c:460:13:MX_USART1_UART_Init	8	static
../Core/Src/main.c:491:13:MX_DMA_Init	16	static
../Core/Src/main.c:509:13:MX_GPIO_Init	40	static
../Core/Src/main.c:544:6:HAL_TIM_IC_CaptureCallback	16	static
../Core/Src/main.c:552:6:HAL_TIM_PeriodElapsedCallback	16	static
../Core/Src/main.c:565:6:Error_Handler	4	static,ignoring_inline_asm
